Archive member included to satisfy reference by file (symbol)

H:/cube/STM32CubeIDE_1.13.0/STM32CubeIDE/plugins/com.st.stm32cube.ide.mcu.externaltools.gnu-tools-for-stm32.11.3.rel1.win32_1.1.0.202305231506/tools/bin/../lib/gcc/arm-none-eabi/11.3.1/../../../../arm-none-eabi/lib/thumb/v7-m/nofp\libstdc++_nano.a(new_op.o)
                              ./Core/Src/main.o (operator new(unsigned int))
H:/cube/STM32CubeIDE_1.13.0/STM32CubeIDE/plugins/com.st.stm32cube.ide.mcu.externaltools.gnu-tools-for-stm32.11.3.rel1.win32_1.1.0.202305231506/tools/bin/../lib/gcc/arm-none-eabi/11.3.1/../../../../arm-none-eabi/lib/thumb/v7-m/nofp\libstdc++_nano.a(new_handler.o)
                              H:/cube/STM32CubeIDE_1.13.0/STM32CubeIDE/plugins/com.st.stm32cube.ide.mcu.externaltools.gnu-tools-for-stm32.11.3.rel1.win32_1.1.0.202305231506/tools/bin/../lib/gcc/arm-none-eabi/11.3.1/../../../../arm-none-eabi/lib/thumb/v7-m/nofp\libstdc++_nano.a(new_op.o) (std::get_new_handler())
H:/cube/STM32CubeIDE_1.13.0/STM32CubeIDE/plugins/com.st.stm32cube.ide.mcu.externaltools.gnu-tools-for-stm32.11.3.rel1.win32_1.1.0.202305231506/tools/bin/../lib/gcc/arm-none-eabi/11.3.1/../../../../arm-none-eabi/lib/thumb/v7-m/nofp\libc_nano.a(libc_a-abort.o)
                              H:/cube/STM32CubeIDE_1.13.0/STM32CubeIDE/plugins/com.st.stm32cube.ide.mcu.externaltools.gnu-tools-for-stm32.11.3.rel1.win32_1.1.0.202305231506/tools/bin/../lib/gcc/arm-none-eabi/11.3.1/../../../../arm-none-eabi/lib/thumb/v7-m/nofp\libstdc++_nano.a(new_op.o) (abort)
H:/cube/STM32CubeIDE_1.13.0/STM32CubeIDE/plugins/com.st.stm32cube.ide.mcu.externaltools.gnu-tools-for-stm32.11.3.rel1.win32_1.1.0.202305231506/tools/bin/../lib/gcc/arm-none-eabi/11.3.1/../../../../arm-none-eabi/lib/thumb/v7-m/nofp\libc_nano.a(libc_a-exit.o)
                              H:/cube/STM32CubeIDE_1.13.0/STM32CubeIDE/plugins/com.st.stm32cube.ide.mcu.externaltools.gnu-tools-for-stm32.11.3.rel1.win32_1.1.0.202305231506/tools/bin/../lib/gcc/arm-none-eabi/11.3.1/../../../../arm-none-eabi/lib/thumb/v7-m/nofp/crt0.o (exit)
H:/cube/STM32CubeIDE_1.13.0/STM32CubeIDE/plugins/com.st.stm32cube.ide.mcu.externaltools.gnu-tools-for-stm32.11.3.rel1.win32_1.1.0.202305231506/tools/bin/../lib/gcc/arm-none-eabi/11.3.1/../../../../arm-none-eabi/lib/thumb/v7-m/nofp\libc_nano.a(libc_a-malloc.o)
                              H:/cube/STM32CubeIDE_1.13.0/STM32CubeIDE/plugins/com.st.stm32cube.ide.mcu.externaltools.gnu-tools-for-stm32.11.3.rel1.win32_1.1.0.202305231506/tools/bin/../lib/gcc/arm-none-eabi/11.3.1/../../../../arm-none-eabi/lib/thumb/v7-m/nofp\libstdc++_nano.a(new_op.o) (malloc)
H:/cube/STM32CubeIDE_1.13.0/STM32CubeIDE/plugins/com.st.stm32cube.ide.mcu.externaltools.gnu-tools-for-stm32.11.3.rel1.win32_1.1.0.202305231506/tools/bin/../lib/gcc/arm-none-eabi/11.3.1/../../../../arm-none-eabi/lib/thumb/v7-m/nofp\libc_nano.a(libc_a-mallocr.o)
                              H:/cube/STM32CubeIDE_1.13.0/STM32CubeIDE/plugins/com.st.stm32cube.ide.mcu.externaltools.gnu-tools-for-stm32.11.3.rel1.win32_1.1.0.202305231506/tools/bin/../lib/gcc/arm-none-eabi/11.3.1/../../../../arm-none-eabi/lib/thumb/v7-m/nofp\libc_nano.a(libc_a-malloc.o) (_malloc_r)
H:/cube/STM32CubeIDE_1.13.0/STM32CubeIDE/plugins/com.st.stm32cube.ide.mcu.externaltools.gnu-tools-for-stm32.11.3.rel1.win32_1.1.0.202305231506/tools/bin/../lib/gcc/arm-none-eabi/11.3.1/../../../../arm-none-eabi/lib/thumb/v7-m/nofp\libc_nano.a(libc_a-mlock.o)
                              H:/cube/STM32CubeIDE_1.13.0/STM32CubeIDE/plugins/com.st.stm32cube.ide.mcu.externaltools.gnu-tools-for-stm32.11.3.rel1.win32_1.1.0.202305231506/tools/bin/../lib/gcc/arm-none-eabi/11.3.1/../../../../arm-none-eabi/lib/thumb/v7-m/nofp\libc_nano.a(libc_a-mallocr.o) (__malloc_lock)
H:/cube/STM32CubeIDE_1.13.0/STM32CubeIDE/plugins/com.st.stm32cube.ide.mcu.externaltools.gnu-tools-for-stm32.11.3.rel1.win32_1.1.0.202305231506/tools/bin/../lib/gcc/arm-none-eabi/11.3.1/../../../../arm-none-eabi/lib/thumb/v7-m/nofp\libc_nano.a(libc_a-findfp.o)
                              H:/cube/STM32CubeIDE_1.13.0/STM32CubeIDE/plugins/com.st.stm32cube.ide.mcu.externaltools.gnu-tools-for-stm32.11.3.rel1.win32_1.1.0.202305231506/tools/bin/../lib/gcc/arm-none-eabi/11.3.1/../../../../arm-none-eabi/lib/thumb/v7-m/nofp\libc_nano.a(libc_a-exit.o) (__stdio_exit_handler)
H:/cube/STM32CubeIDE_1.13.0/STM32CubeIDE/plugins/com.st.stm32cube.ide.mcu.externaltools.gnu-tools-for-stm32.11.3.rel1.win32_1.1.0.202305231506/tools/bin/../lib/gcc/arm-none-eabi/11.3.1/../../../../arm-none-eabi/lib/thumb/v7-m/nofp\libc_nano.a(libc_a-fwalk.o)
                              H:/cube/STM32CubeIDE_1.13.0/STM32CubeIDE/plugins/com.st.stm32cube.ide.mcu.externaltools.gnu-tools-for-stm32.11.3.rel1.win32_1.1.0.202305231506/tools/bin/../lib/gcc/arm-none-eabi/11.3.1/../../../../arm-none-eabi/lib/thumb/v7-m/nofp\libc_nano.a(libc_a-findfp.o) (_fwalk_sglue)
[...]
Memory Configuration

Name             Origin             Length             Attributes
RAM              0x0000000020000000 0x0000000000005000 xrw
FLASH            0x0000000008000000 0x0000000000010000 xr
*default*        0x0000000000000000 0xffffffffffffffff

Linker script and memory map

LOAD H:/cube/STM32CubeIDE_1.13.0/STM32CubeIDE/plugins/com.st.stm32cube.ide.mcu.externaltools.gnu-tools-for-stm32.11.3.rel1.win32_1.1.0.202305231506/tools/bin/../lib/gcc/arm-none-eabi/11.3.1/thumb/v7-m/nofp/crti.o
LOAD H:/cube/STM32CubeIDE_1.13.0/STM32CubeIDE/plugins/com.st.stm32cube.ide.mcu.externaltools.gnu-tools-for-stm32.11.3.rel1.win32_1.1.0.202305231506/tools/bin/../lib/gcc/arm-none-eabi/11.3.1/thumb/v7-m/nofp/crtbegin.o
LOAD H:/cube/STM32CubeIDE_1.13.0/STM32CubeIDE/plugins/com.st.stm32cube.ide.mcu.externaltools.gnu-tools-for-stm32.11.3.rel1.win32_1.1.0.202305231506/tools/bin/../lib/gcc/arm-none-eabi/11.3.1/../../../../arm-none-eabi/lib/thumb/v7-m/nofp/crt0.o
LOAD ./Core/Src/main.o
LOAD ./Core/Src/stm32f1xx_hal_msp.o
LOAD ./Core/Src/stm32f1xx_it.o
LOAD ./Core/Src/syscalls.o
LOAD ./Core/Src/sysmem.o
LOAD ./Core/Src/system_stm32f1xx.o
LOAD ./Core/Startup/startup_stm32f103c8tx.o
LOAD ./Drivers/STM32F1xx_HAL_Driver/Src/stm32f1xx_hal.o
LOAD ./Drivers/STM32F1xx_HAL_Driver/Src/stm32f1xx_hal_cortex.o
LOAD ./Drivers/STM32F1xx_HAL_Driver/Src/stm32f1xx_hal_dma.o
LOAD ./Drivers/STM32F1xx_HAL_Driver/Src/stm32f1xx_hal_exti.o
LOAD ./Drivers/STM32F1xx_HAL_Driver/Src/stm32f1xx_hal_flash.o
LOAD ./Drivers/STM32F1xx_HAL_Driver/Src/stm32f1xx_hal_flash_ex.o
LOAD ./Drivers/STM32F1xx_HAL_Driver/Src/stm32f1xx_hal_gpio.o
LOAD ./Drivers/STM32F1xx_HAL_Driver/Src/stm32f1xx_hal_gpio_ex.o
LOAD ./Drivers/STM32F1xx_HAL_Driver/Src/stm32f1xx_hal_pwr.o
LOAD ./Drivers/STM32F1xx_HAL_Driver/Src/stm32f1xx_hal_rcc.o
LOAD ./Drivers/STM32F1xx_HAL_Driver/Src/stm32f1xx_hal_rcc_ex.o
LOAD ./Drivers/STM32F1xx_HAL_Driver/Src/stm32f1xx_hal_tim.o
LOAD ./Drivers/STM32F1xx_HAL_Driver/Src/stm32f1xx_hal_tim_ex.o
LOAD ./lib/Debounce.o
LOAD ./lib/StepMotor.o
START GROUP
LOAD H:/cube/STM32CubeIDE_1.13.0/STM32CubeIDE/plugins/com.st.stm32cube.ide.mcu.externaltools.gnu-tools-for-stm32.11.3.rel1.win32_1.1.0.202305231506/tools/bin/../lib/gcc/arm-none-eabi/11.3.1/../../../../arm-none-eabi/lib/thumb/v7-m/nofp\libstdc++_nano.a
LOAD H:/cube/STM32CubeIDE_1.13.0/STM32CubeIDE/plugins/com.st.stm32cube.ide.mcu.externaltools.gnu-tools-for-stm32.11.3.rel1.win32_1.1.0.202305231506/tools/bin/../lib/gcc/arm-none-eabi/11.3.1/../../../../arm-none-eabi/lib/thumb/v7-m/nofp\libsupc++_nano.a
END GROUP
LOAD H:/cube/STM32CubeIDE_1.13.0/STM32CubeIDE/plugins/com.st.stm32cube.ide.mcu.externaltools.gnu-tools-for-stm32.11.3.rel1.win32_1.1.0.202305231506/tools/bin/../lib/gcc/arm-none-eabi/11.3.1/../../../../arm-none-eabi/lib/thumb/v7-m/nofp\libstdc++_nano.a
LOAD H:/cube/STM32CubeIDE_1.13.0/STM32CubeIDE/plugins/com.st.stm32cube.ide.mcu.externaltools.gnu-tools-for-stm32.11.3.rel1.win32_1.1.0.202305231506/tools/bin/../lib/gcc/arm-none-eabi/11.3.1/../../../../arm-none-eabi/lib/thumb/v7-m/nofp\libm.a
LOAD H:/cube/STM32CubeIDE_1.13.0/STM32CubeIDE/plugins/com.st.stm32cube.ide.mcu.externaltools.gnu-tools-for-stm32.11.3.rel1.win32_1.1.0.202305231506/tools/bin/../lib/gcc/arm-none-eabi/11.3.1/../../../../arm-none-eabi/lib/thumb/v7-m/nofp\libc_nano.a
START GROUP
LOAD H:/cube/STM32CubeIDE_1.13.0/STM32CubeIDE/plugins/com.st.stm32cube.ide.mcu.externaltools.gnu-tools-for-stm32.11.3.rel1.win32_1.1.0.202305231506/tools/bin/../lib/gcc/arm-none-eabi/11.3.1/thumb/v7-m/nofp\libgcc.a
LOAD H:/cube/STM32CubeIDE_1.13.0/STM32CubeIDE/plugins/com.st.stm32cube.ide.mcu.externaltools.gnu-tools-for-stm32.11.3.rel1.win32_1.1.0.202305231506/tools/bin/../lib/gcc/arm-none-eabi/11.3.1/../../../../arm-none-eabi/lib/thumb/v7-m/nofp\libc_nano.a
END GROUP
START GROUP
LOAD H:/cube/STM32CubeIDE_1.13.0/STM32CubeIDE/plugins/com.st.stm32cube.ide.mcu.externaltools.gnu-tools-for-stm32.11.3.rel1.win32_1.1.0.202305231506/tools/bin/../lib/gcc/arm-none-eabi/11.3.1/thumb/v7-m/nofp\libgcc.a
LOAD H:/cube/STM32CubeIDE_1.13.0/STM32CubeIDE/plugins/com.st.stm32cube.ide.mcu.externaltools.gnu-tools-for-stm32.11.3.rel1.win32_1.1.0.202305231506/tools/bin/../lib/gcc/arm-none-eabi/11.3.1/../../../../arm-none-eabi/lib/thumb/v7-m/nofp\libc_nano.a
LOAD H:/cube/STM32CubeIDE_1.13.0/STM32CubeIDE/plugins/com.st.stm32cube.ide.mcu.externaltools.gnu-tools-for-stm32.11.3.rel1.win32_1.1.0.202305231506/tools/bin/../lib/gcc/arm-none-eabi/11.3.1/../../../../arm-none-eabi/lib/thumb/v7-m/nofp\libnosys.a
END GROUP
START GROUP
LOAD H:/cube/STM32CubeIDE_1.13.0/STM32CubeIDE/plugins/com.st.stm32cube.ide.mcu.externaltools.gnu-tools-for-stm32.11.3.rel1.win32_1.1.0.202305231506/tools/bin/../lib/gcc/arm-none-eabi/11.3.1/thumb/v7-m/nofp\libgcc.a
LOAD H:/cube/STM32CubeIDE_1.13.0/STM32CubeIDE/plugins/com.st.stm32cube.ide.mcu.externaltools.gnu-tools-for-stm32.11.3.rel1.win32_1.1.0.202305231506/tools/bin/../lib/gcc/arm-none-eabi/11.3.1/../../../../arm-none-eabi/lib/thumb/v7-m/nofp\libc_nano.a
LOAD H:/cube/STM32CubeIDE_1.13.0/STM32CubeIDE/plugins/com.st.stm32cube.ide.mcu.externaltools.gnu-tools-for-stm32.11.3.rel1.win32_1.1.0.202305231506/tools/bin/../lib/gcc/arm-none-eabi/11.3.1/../../../../arm-none-eabi/lib/thumb/v7-m/nofp\libnosys.a
END GROUP
LOAD H:/cube/STM32CubeIDE_1.13.0/STM32CubeIDE/plugins/com.st.stm32cube.ide.mcu.externaltools.gnu-tools-for-stm32.11.3.rel1.win32_1.1.0.202305231506/tools/bin/../lib/gcc/arm-none-eabi/11.3.1/thumb/v7-m/nofp/crtend.o
LOAD H:/cube/STM32CubeIDE_1.13.0/STM32CubeIDE/plugins/com.st.stm32cube.ide.mcu.externaltools.gnu-tools-for-stm32.11.3.rel1.win32_1.1.0.202305231506/tools/bin/../lib/gcc/arm-none-eabi/11.3.1/thumb/v7-m/nofp/crtn.o
                0x0000000020005000                _estack = (ORIGIN (RAM) + LENGTH (RAM))
                0x0000000000000200                _Min_Heap_Size = 0x200
                0x0000000000000400                _Min_Stack_Size = 0x400

.isr_vector     0x0000000008000000      0x10c
                0x0000000008000000                . = ALIGN (0x4)
 *(.isr_vector)
 .isr_vector    0x0000000008000000      0x10c ./Core/Startup/startup_stm32f103c8tx.o
                0x0000000008000000                g_pfnVectors
                0x000000000800010c                . = ALIGN (0x4)

.text           0x000000000800010c     0x29c0
                0x000000000800010c                . = ALIGN (0x4)
 *(.text)
 .text          0x000000000800010c       0x40 H:/cube/STM32CubeIDE_1.13.0/STM32CubeIDE/plugins/com.st.stm32cube.ide.mcu.externaltools.gnu-tools-for-stm32.11.3.rel1.win32_1.1.0.202305231506/tools/bin/../lib/gcc/arm-none-eabi/11.3.1/thumb/v7-m/nofp/crtbegin.o
 *(.text*)
 .text.HAL_GPIO_EXTI_Callback
                0x000000000800014c       0x14 ./Core/Src/main.o
                0x000000000800014c                HAL_GPIO_EXTI_Callback
 .text.HAL_TIM_PeriodElapsedCallback
                0x0000000008000160       0x20 ./Core/Src/main.o
                0x0000000008000160                HAL_TIM_PeriodElapsedCallback
 .text.main     0x0000000008000180      0x17c ./Core/Src/main.o
                0x0000000008000180                main
 .text._Z18SystemClock_Configv
                0x00000000080002fc       0x9e ./Core/Src/main.o
                0x00000000080002fc                SystemClock_Config()
 *fill*         0x000000000800039a        0x2 
 .text._ZL12MX_TIM3_Initv
                0x000000000800039c       0xd0 ./Core/Src/main.o
 .text._ZL12MX_GPIO_Initv
                0x000000000800046c      0x14c ./Core/Src/main.o
 .text.Error_Handler
                0x00000000080005b8        0xa ./Core/Src/main.o
                0x00000000080005b8                Error_Handler
 *fill*         0x00000000080005c2        0x2 
 .text.HAL_MspInit
                0x00000000080005c4       0x74 ./Core/Src/stm32f1xx_hal_msp.o
                0x00000000080005c4                HAL_MspInit
 .text.HAL_TIM_PWM_MspInit
                0x0000000008000638       0x4c ./Core/Src/stm32f1xx_hal_msp.o
                0x0000000008000638                HAL_TIM_PWM_MspInit
 .text.HAL_TIM_MspPostInit
                0x0000000008000684       0x64 ./Core/Src/stm32f1xx_hal_msp.o
                0x0000000008000684                HAL_TIM_MspPostInit
 .text.NMI_Handler
                0x00000000080006e8        0x6 ./Core/Src/stm32f1xx_it.o
                0x00000000080006e8                NMI_Handler
 .text.HardFault_Handler
                0x00000000080006ee        0x6 ./Core/Src/stm32f1xx_it.o
                0x00000000080006ee                HardFault_Handler
 .text.MemManage_Handler
                0x00000000080006f4        0x6 ./Core/Src/stm32f1xx_it.o
                0x00000000080006f4                MemManage_Handler
 .text.BusFault_Handler
                0x00000000080006fa        0x6 ./Core/Src/stm32f1xx_it.o
                0x00000000080006fa                BusFault_Handler
 .text.UsageFault_Handler
                0x0000000008000700        0x6 ./Core/Src/stm32f1xx_it.o
                0x0000000008000700                UsageFault_Handler
 .text.SVC_Handler
                0x0000000008000706        0xc ./Core/Src/stm32f1xx_it.o
                0x0000000008000706                SVC_Handler
 .text.DebugMon_Handler
                0x0000000008000712        0xc ./Core/Src/stm32f1xx_it.o
                0x0000000008000712                DebugMon_Handler
 .text.PendSV_Handler
                0x000000000800071e        0xc ./Core/Src/stm32f1xx_it.o
                0x000000000800071e                PendSV_Handler
 .text.SysTick_Handler
                0x000000000800072a        0xc ./Core/Src/stm32f1xx_it.o
                0x000000000800072a                SysTick_Handler
 .text.RCC_IRQHandler
                0x0000000008000736        0xc ./Core/Src/stm32f1xx_it.o
                0x0000000008000736                RCC_IRQHandler
 *fill*         0x0000000008000742        0x2 
 .text.TIM3_IRQHandler
                0x0000000008000744       0x14 ./Core/Src/stm32f1xx_it.o
                0x0000000008000744                TIM3_IRQHandler
 .text.EXTI15_10_IRQHandler
                0x0000000008000758       0x28 ./Core/Src/stm32f1xx_it.o
                0x0000000008000758                EXTI15_10_IRQHandler
 .text._getpid  0x0000000008000780        0xe ./Core/Src/syscalls.o
                0x0000000008000780                _getpid
 .text._kill    0x000000000800078e       0x20 ./Core/Src/syscalls.o
                0x000000000800078e                _kill
 .text._exit    0x00000000080007ae       0x14 ./Core/Src/syscalls.o
                0x00000000080007ae                _exit
 *fill*         0x00000000080007c2        0x2 
 .text._sbrk    0x00000000080007c4       0x6c ./Core/Src/sysmem.o
                0x00000000080007c4                _sbrk
 .text.SystemInit
                0x0000000008000830        0xc ./Core/Src/system_stm32f1xx.o
                0x0000000008000830                SystemInit
 .text.Reset_Handler
                0x000000000800083c       0x48 ./Core/Startup/startup_stm32f103c8tx.o
                0x000000000800083c                Reset_Handler
 .text.Default_Handler
                0x0000000008000884        0x2 ./Core/Startup/startup_stm32f103c8tx.o
                0x0000000008000884                RTC_Alarm_IRQHandler
                0x0000000008000884                EXTI2_IRQHandler
                0x0000000008000884                TIM1_CC_IRQHandler
                0x0000000008000884                PVD_IRQHandler
                0x0000000008000884                EXTI3_IRQHandler
                0x0000000008000884                EXTI0_IRQHandler
                0x0000000008000884                I2C2_EV_IRQHandler
                0x0000000008000884                ADC1_2_IRQHandler
                0x0000000008000884                SPI1_IRQHandler
                0x0000000008000884                TAMPER_IRQHandler
                0x0000000008000884                DMA1_Channel4_IRQHandler
                0x0000000008000884                USART3_IRQHandler
                0x0000000008000884                RTC_IRQHandler
                0x0000000008000884                DMA1_Channel7_IRQHandler
                0x0000000008000884                CAN1_RX1_IRQHandler
                0x0000000008000884                TIM4_IRQHandler
                0x0000000008000884                I2C1_EV_IRQHandler
                0x0000000008000884                DMA1_Channel6_IRQHandler
                0x0000000008000884                TIM1_TRG_COM_IRQHandler
                0x0000000008000884                DMA1_Channel1_IRQHandler
                0x0000000008000884                Default_Handler
                0x0000000008000884                EXTI9_5_IRQHandler
                0x0000000008000884                SPI2_IRQHandler
                0x0000000008000884                DMA1_Channel5_IRQHandler
                0x0000000008000884                EXTI4_IRQHandler
                0x0000000008000884                USB_LP_CAN1_RX0_IRQHandler
                0x0000000008000884                USB_HP_CAN1_TX_IRQHandler
                0x0000000008000884                DMA1_Channel3_IRQHandler
                0x0000000008000884                TIM1_UP_IRQHandler
                0x0000000008000884                WWDG_IRQHandler
                0x0000000008000884                TIM2_IRQHandler
                0x0000000008000884                TIM1_BRK_IRQHandler
                0x0000000008000884                EXTI1_IRQHandler
                0x0000000008000884                USART2_IRQHandler
                0x0000000008000884                I2C2_ER_IRQHandler
                0x0000000008000884                DMA1_Channel2_IRQHandler
                0x0000000008000884                CAN1_SCE_IRQHandler
                0x0000000008000884                FLASH_IRQHandler
                0x0000000008000884                USART1_IRQHandler
                0x0000000008000884                I2C1_ER_IRQHandler
                0x0000000008000884                USBWakeUp_IRQHandler
 *fill*         0x0000000008000886        0x2 
 .text.HAL_Init
                0x0000000008000888       0x2c ./Drivers/STM32F1xx_HAL_Driver/Src/stm32f1xx_hal.o
                0x0000000008000888                HAL_Init
 .text.HAL_InitTick
                0x00000000080008b4       0x60 ./Drivers/STM32F1xx_HAL_Driver/Src/stm32f1xx_hal.o
                0x00000000080008b4                HAL_InitTick
 .text.HAL_IncTick
                0x0000000008000914       0x24 ./Drivers/STM32F1xx_HAL_Driver/Src/stm32f1xx_hal.o
                0x0000000008000914                HAL_IncTick
 .text.HAL_GetTick
                0x0000000008000938       0x14 ./Drivers/STM32F1xx_HAL_Driver/Src/stm32f1xx_hal.o
                0x0000000008000938                HAL_GetTick
 .text.__NVIC_SetPriorityGrouping
                0x000000000800094c       0x48 ./Drivers/STM32F1xx_HAL_Driver/Src/stm32f1xx_hal_cortex.o
 .text.__NVIC_GetPriorityGrouping
                0x0000000008000994       0x1c ./Drivers/STM32F1xx_HAL_Driver/Src/stm32f1xx_hal_cortex.o
 .text.__NVIC_EnableIRQ
                0x00000000080009b0       0x38 ./Drivers/STM32F1xx_HAL_Driver/Src/stm32f1xx_hal_cortex.o
 .text.__NVIC_SetPriority
                0x00000000080009e8       0x54 ./Drivers/STM32F1xx_HAL_Driver/Src/stm32f1xx_hal_cortex.o
 .text.NVIC_EncodePriority
                0x0000000008000a3c       0x64 ./Drivers/STM32F1xx_HAL_Driver/Src/stm32f1xx_hal_cortex.o
 .text.SysTick_Config
                0x0000000008000aa0       0x44 ./Drivers/STM32F1xx_HAL_Driver/Src/stm32f1xx_hal_cortex.o
 .text.HAL_NVIC_SetPriorityGrouping
                0x0000000008000ae4       0x16 ./Drivers/STM32F1xx_HAL_Driver/Src/stm32f1xx_hal_cortex.o
                0x0000000008000ae4                HAL_NVIC_SetPriorityGrouping
 .text.HAL_NVIC_SetPriority
                0x0000000008000afa       0x38 ./Drivers/STM32F1xx_HAL_Driver/Src/stm32f1xx_hal_cortex.o
                0x0000000008000afa                HAL_NVIC_SetPriority
 .text.HAL_NVIC_EnableIRQ
                0x0000000008000b32       0x1c ./Drivers/STM32F1xx_HAL_Driver/Src/stm32f1xx_hal_cortex.o
                0x0000000008000b32                HAL_NVIC_EnableIRQ
 .text.HAL_SYSTICK_Config
                0x0000000008000b4e       0x18 ./Drivers/STM32F1xx_HAL_Driver/Src/stm32f1xx_hal_cortex.o
                0x0000000008000b4e                HAL_SYSTICK_Config
 *fill*         0x0000000008000b66        0x2 
 .text.HAL_GPIO_Init
                0x0000000008000b68      0x308 ./Drivers/STM32F1xx_HAL_Driver/Src/stm32f1xx_hal_gpio.o
                0x0000000008000b68                HAL_GPIO_Init
 .text.HAL_GPIO_ReadPin
                0x0000000008000e70       0x2e ./Drivers/STM32F1xx_HAL_Driver/Src/stm32f1xx_hal_gpio.o
                0x0000000008000e70                HAL_GPIO_ReadPin
 .text.HAL_GPIO_WritePin
                0x0000000008000e9e       0x30 ./Drivers/STM32F1xx_HAL_Driver/Src/stm32f1xx_hal_gpio.o
                0x0000000008000e9e                HAL_GPIO_WritePin
 *fill*         0x0000000008000ece        0x2 
 .text.HAL_GPIO_EXTI_IRQHandler
                0x0000000008000ed0       0x30 ./Drivers/STM32F1xx_HAL_Driver/Src/stm32f1xx_hal_gpio.o
                0x0000000008000ed0                HAL_GPIO_EXTI_IRQHandler
 .text.HAL_RCC_OscConfig
                0x0000000008000f00      0x504 ./Drivers/STM32F1xx_HAL_Driver/Src/stm32f1xx_hal_rcc.o
                0x0000000008000f00                HAL_RCC_OscConfig
 .text.HAL_RCC_ClockConfig
                0x0000000008001404      0x1d4 ./Drivers/STM32F1xx_HAL_Driver/Src/stm32f1xx_hal_rcc.o
                0x0000000008001404                HAL_RCC_ClockConfig
 .text.HAL_RCC_GetSysClockFreq
                0x00000000080015d8       0xa8 ./Drivers/STM32F1xx_HAL_Driver/Src/stm32f1xx_hal_rcc.o
                0x00000000080015d8                HAL_RCC_GetSysClockFreq
 .text.RCC_Delay
                0x0000000008001680       0x3c ./Drivers/STM32F1xx_HAL_Driver/Src/stm32f1xx_hal_rcc.o
 .text.HAL_TIM_Base_Start_IT
                0x00000000080016bc       0xa4 ./Drivers/STM32F1xx_HAL_Driver/Src/stm32f1xx_hal_tim.o
                0x00000000080016bc                HAL_TIM_Base_Start_IT
 .text.HAL_TIM_PWM_Init
                0x0000000008001760       0x9e ./Drivers/STM32F1xx_HAL_Driver/Src/stm32f1xx_hal_tim.o
                0x0000000008001760                HAL_TIM_PWM_Init
 *fill*         0x00000000080017fe        0x2 
 .text.HAL_TIM_PWM_Stop
                0x0000000008001800       0xc8 ./Drivers/STM32F1xx_HAL_Driver/Src/stm32f1xx_hal_tim.o
                0x0000000008001800                HAL_TIM_PWM_Stop
 .text.HAL_TIM_PWM_Start_IT
                0x00000000080018c8      0x1e0 ./Drivers/STM32F1xx_HAL_Driver/Src/stm32f1xx_hal_tim.o
                0x00000000080018c8                HAL_TIM_PWM_Start_IT
 .text.HAL_TIM_IRQHandler
                0x0000000008001aa8      0x210 ./Drivers/STM32F1xx_HAL_Driver/Src/stm32f1xx_hal_tim.o
                0x0000000008001aa8                HAL_TIM_IRQHandler
 .text.HAL_TIM_PWM_ConfigChannel
                0x0000000008001cb8      0x184 ./Drivers/STM32F1xx_HAL_Driver/Src/stm32f1xx_hal_tim.o
                0x0000000008001cb8                HAL_TIM_PWM_ConfigChannel
 .text.HAL_TIM_OC_DelayElapsedCallback
                0x0000000008001e3c       0x12 ./Drivers/STM32F1xx_HAL_Driver/Src/stm32f1xx_hal_tim.o
                0x0000000008001e3c                HAL_TIM_OC_DelayElapsedCallback
 .text.HAL_TIM_IC_CaptureCallback
                0x0000000008001e4e       0x12 ./Drivers/STM32F1xx_HAL_Driver/Src/stm32f1xx_hal_tim.o
                0x0000000008001e4e                HAL_TIM_IC_CaptureCallback
 .text.HAL_TIM_PWM_PulseFinishedCallback
                0x0000000008001e60       0x12 ./Drivers/STM32F1xx_HAL_Driver/Src/stm32f1xx_hal_tim.o
                0x0000000008001e60                HAL_TIM_PWM_PulseFinishedCallback
 .text.HAL_TIM_TriggerCallback
                0x0000000008001e72       0x12 ./Drivers/STM32F1xx_HAL_Driver/Src/stm32f1xx_hal_tim.o
                0x0000000008001e72                HAL_TIM_TriggerCallback
 .text.TIM_Base_SetConfig
                0x0000000008001e84       0xc4 ./Drivers/STM32F1xx_HAL_Driver/Src/stm32f1xx_hal_tim.o
                0x0000000008001e84                TIM_Base_SetConfig
 .text.TIM_OC1_SetConfig
                0x0000000008001f48       0xcc ./Drivers/STM32F1xx_HAL_Driver/Src/stm32f1xx_hal_tim.o
 .text.TIM_OC2_SetConfig
                0x0000000008002014       0xd4 ./Drivers/STM32F1xx_HAL_Driver/Src/stm32f1xx_hal_tim.o
                0x0000000008002014                TIM_OC2_SetConfig
 .text.TIM_OC3_SetConfig
                0x00000000080020e8       0xd4 ./Drivers/STM32F1xx_HAL_Driver/Src/stm32f1xx_hal_tim.o
 .text.TIM_OC4_SetConfig
                0x00000000080021bc       0x9c ./Drivers/STM32F1xx_HAL_Driver/Src/stm32f1xx_hal_tim.o
 .text.TIM_CCxChannelCmd
                0x0000000008002258       0x48 ./Drivers/STM32F1xx_HAL_Driver/Src/stm32f1xx_hal_tim.o
                0x0000000008002258                TIM_CCxChannelCmd
 .text.HAL_TIMEx_MasterConfigSynchronization
                0x00000000080022a0       0xbc ./Drivers/STM32F1xx_HAL_Driver/Src/stm32f1xx_hal_tim_ex.o
                0x00000000080022a0                HAL_TIMEx_MasterConfigSynchronization
 .text.HAL_TIMEx_CommutCallback
                0x000000000800235c       0x12 ./Drivers/STM32F1xx_HAL_Driver/Src/stm32f1xx_hal_tim_ex.o
                0x000000000800235c                HAL_TIMEx_CommutCallback
 .text.HAL_TIMEx_BreakCallback
                0x000000000800236e       0x12 ./Drivers/STM32F1xx_HAL_Driver/Src/stm32f1xx_hal_tim_ex.o
                0x000000000800236e                HAL_TIMEx_BreakCallback
 .text._ZN8DebounceC2EP12GPIO_TypeDeftm
                0x0000000008002380       0x40 ./lib/Debounce.o
                0x0000000008002380                Debounce::Debounce(GPIO_TypeDef*, unsigned short, unsigned long)
                0x0000000008002380                Debounce::Debounce(GPIO_TypeDef*, unsigned short, unsigned long)
 .text._ZN8Debounce11CheckButtonEv
                0x00000000080023c0       0xc8 ./lib/Debounce.o
                0x00000000080023c0                Debounce::CheckButton()
 .text._ZN8Debounce15checkDelayPressEv
                0x0000000008002488       0x2a ./lib/Debounce.o
                0x0000000008002488                Debounce::checkDelayPress()
 .text._ZN9StepMotorC2EP12GPIO_TypeDeftS1_tP17TIM_HandleTypeDefm
                0x00000000080024b2       0xae ./lib/StepMotor.o
                0x00000000080024b2                StepMotor::StepMotor(GPIO_TypeDef*, unsigned short, GPIO_TypeDef*, unsigned short, TIM_HandleTypeDef*, unsigned long)
                0x00000000080024b2                StepMotor::StepMotor(GPIO_TypeDef*, unsigned short, GPIO_TypeDef*, unsigned short, TIM_HandleTypeDef*, unsigned long)
 .text._ZN9StepMotor12motorServiceEv
                0x0000000008002560       0xc2 ./lib/StepMotor.o
                0x0000000008002560                StepMotor::motorService()
 .text._ZN9StepMotor20checkMotorInCallbackEP17TIM_HandleTypeDef
                0x0000000008002622       0x22 ./lib/StepMotor.o
                0x0000000008002622                StepMotor::checkMotorInCallback(TIM_HandleTypeDef*)
 .text._ZN9StepMotor12setDirectionEh
                0x0000000008002644       0x1e ./lib/StepMotor.o
                0x0000000008002644                StepMotor::setDirection(unsigned char)
 .text._ZN9StepMotor11startMotionEm
                0x0000000008002662       0x36 ./lib/StepMotor.o
                0x0000000008002662                StepMotor::startMotion(unsigned long)
 .text._ZN9StepMotor11setMaxSpeedEm
                0x0000000008002698       0x1a ./lib/StepMotor.o
                0x0000000008002698                StepMotor::setMaxSpeed(unsigned long)
 .text._ZN9StepMotor11setMinSpeedEm
                0x00000000080026b2       0x1a ./lib/StepMotor.o
                0x00000000080026b2                StepMotor::setMinSpeed(unsigned long)
 .text._ZN9StepMotor12setRetentionEb
                0x00000000080026cc       0x58 ./lib/StepMotor.o
                0x00000000080026cc                StepMotor::setRetention(bool)
 .text._ZN9StepMotor8setSpeedEm
                0x0000000008002724       0x5c ./lib/StepMotor.o
                0x0000000008002724                StepMotor::setSpeed(unsigned long)
 .text._ZN9StepMotor19setAccelerationStepEmm
                0x0000000008002780       0x30 ./lib/StepMotor.o
                0x0000000008002780                StepMotor::setAccelerationStep(unsigned long, unsigned long)
 .text._ZN9StepMotor19accelerationServiceEi
                0x00000000080027b0       0x4a ./lib/StepMotor.o
                0x00000000080027b0                StepMotor::accelerationService(int)
 .text._Znwj    0x00000000080027fa       0x22 H:/cube/STM32CubeIDE_1.13.0/STM32CubeIDE/plugins/com.st.stm32cube.ide.mcu.externaltools.gnu-tools-for-stm32.11.3.rel1.win32_1.1.0.202305231506/tools/bin/../lib/gcc/arm-none-eabi/11.3.1/../../../../arm-none-eabi/lib/thumb/v7-m/nofp\libstdc++_nano.a(new_op.o)
                0x00000000080027fa                operator new(unsigned int)
 .text._ZSt15get_new_handlerv
                0x000000000800281c       0x10 H:/cube/STM32CubeIDE_1.13.0/STM32CubeIDE/plugins/com.st.stm32cube.ide.mcu.externaltools.gnu-tools-for-stm32.11.3.rel1.win32_1.1.0.202305231506/tools/bin/../lib/gcc/arm-none-eabi/11.3.1/../../../../arm-none-eabi/lib/thumb/v7-m/nofp\libstdc++_nano.a(new_handler.o)
                0x000000000800281c                std::get_new_handler()
 .text.abort    0x000000000800282c        0xe H:/cube/STM32CubeIDE_1.13.0/STM32CubeIDE/plugins/com.st.stm32cube.ide.mcu.externaltools.gnu-tools-for-stm32.11.3.rel1.win32_1.1.0.202305231506/tools/bin/../lib/gcc/arm-none-eabi/11.3.1/../../../../arm-none-eabi/lib/thumb/v7-m/nofp\libc_nano.a(libc_a-abort.o)
                0x000000000800282c                abort
 *fill*         0x000000000800283a        0x2 
 .text.malloc   0x000000000800283c       0x10 H:/cube/STM32CubeIDE_1.13.0/STM32CubeIDE/plugins/com.st.stm32cube.ide.mcu.externaltools.gnu-tools-for-stm32.11.3.rel1.win32_1.1.0.202305231506/tools/bin/../lib/gcc/arm-none-eabi/11.3.1/../../../../arm-none-eabi/lib/thumb/v7-m/nofp\libc_nano.a(libc_a-malloc.o)
                0x000000000800283c                malloc
 .text.sbrk_aligned
                0x000000000800284c       0x40 H:/cube/STM32CubeIDE_1.13.0/STM32CubeIDE/plugins/com.st.stm32cube.ide.mcu.externaltools.gnu-tools-for-stm32.11.3.rel1.win32_1.1.0.202305231506/tools/bin/../lib/gcc/arm-none-eabi/11.3.1/../../../../arm-none-eabi/lib/thumb/v7-m/nofp\libc_nano.a(libc_a-mallocr.o)
 .text._malloc_r
                0x000000000800288c      0x100 H:/cube/STM32CubeIDE_1.13.0/STM32CubeIDE/plugins/com.st.stm32cube.ide.mcu.externaltools.gnu-tools-for-stm32.11.3.rel1.win32_1.1.0.202305231506/tools/bin/../lib/gcc/arm-none-eabi/11.3.1/../../../../arm-none-eabi/lib/thumb/v7-m/nofp\libc_nano.a(libc_a-mallocr.o)
                0x000000000800288c                _malloc_r
 .text.__malloc_lock
                0x000000000800298c        0xc H:/cube/STM32CubeIDE_1.13.0/STM32CubeIDE/plugins/com.st.stm32cube.ide.mcu.externaltools.gnu-tools-for-stm32.11.3.rel1.win32_1.1.0.202305231506/tools/bin/../lib/gcc/arm-none-eabi/11.3.1/../../../../arm-none-eabi/lib/thumb/v7-m/nofp\libc_nano.a(libc_a-mlock.o)
                0x000000000800298c                __malloc_lock
 .text.__malloc_unlock
                0x0000000008002998        0xc H:/cube/STM32CubeIDE_1.13.0/STM32CubeIDE/plugins/com.st.stm32cube.ide.mcu.externaltools.gnu-tools-for-stm32.11.3.rel1.win32_1.1.0.202305231506/tools/bin/../lib/gcc/arm-none-eabi/11.3.1/../../../../arm-none-eabi/lib/thumb/v7-m/nofp\libc_nano.a(libc_a-mlock.o)
                0x0000000008002998                __malloc_unlock
 .text.memset   0x00000000080029a4       0x10 H:/cube/STM32CubeIDE_1.13.0/STM32CubeIDE/plugins/com.st.stm32cube.ide.mcu.externaltools.gnu-tools-for-stm32.11.3.rel1.win32_1.1.0.202305231506/tools/bin/../lib/gcc/arm-none-eabi/11.3.1/../../../../arm-none-eabi/lib/thumb/v7-m/nofp\libc_nano.a(libc_a-memset.o)
                0x00000000080029a4                memset
 .text._raise_r
                0x00000000080029b4       0x50 H:/cube/STM32CubeIDE_1.13.0/STM32CubeIDE/plugins/com.st.stm32cube.ide.mcu.externaltools.gnu-tools-for-stm32.11.3.rel1.win32_1.1.0.202305231506/tools/bin/../lib/gcc/arm-none-eabi/11.3.1/../../../../arm-none-eabi/lib/thumb/v7-m/nofp\libc_nano.a(libc_a-signal.o)
                0x00000000080029b4                _raise_r
 .text.raise    0x0000000008002a04       0x10 H:/cube/STM32CubeIDE_1.13.0/STM32CubeIDE/plugins/com.st.stm32cube.ide.mcu.externaltools.gnu-tools-for-stm32.11.3.rel1.win32_1.1.0.202305231506/tools/bin/../lib/gcc/arm-none-eabi/11.3.1/../../../../arm-none-eabi/lib/thumb/v7-m/nofp\libc_nano.a(libc_a-signal.o)
                0x0000000008002a04                raise
 .text._kill_r  0x0000000008002a14       0x24 H:/cube/STM32CubeIDE_1.13.0/STM32CubeIDE/plugins/com.st.stm32cube.ide.mcu.externaltools.gnu-tools-for-stm32.11.3.rel1.win32_1.1.0.202305231506/tools/bin/../lib/gcc/arm-none-eabi/11.3.1/../../../../arm-none-eabi/lib/thumb/v7-m/nofp\libc_nano.a(libc_a-signalr.o)
                0x0000000008002a14                _kill_r
 .text._getpid_r
                0x0000000008002a38        0x4 H:/cube/STM32CubeIDE_1.13.0/STM32CubeIDE/plugins/com.st.stm32cube.ide.mcu.externaltools.gnu-tools-for-stm32.11.3.rel1.win32_1.1.0.202305231506/tools/bin/../lib/gcc/arm-none-eabi/11.3.1/../../../../arm-none-eabi/lib/thumb/v7-m/nofp\libc_nano.a(libc_a-signalr.o)
                0x0000000008002a38                _getpid_r
 .text._sbrk_r  0x0000000008002a3c       0x20 H:/cube/STM32CubeIDE_1.13.0/STM32CubeIDE/plugins/com.st.stm32cube.ide.mcu.externaltools.gnu-tools-for-stm32.11.3.rel1.win32_1.1.0.202305231506/tools/bin/../lib/gcc/arm-none-eabi/11.3.1/../../../../arm-none-eabi/lib/thumb/v7-m/nofp\libc_nano.a(libc_a-sbrkr.o)
                0x0000000008002a3c                _sbrk_r
 .text.__errno  0x0000000008002a5c        0xc H:/cube/STM32CubeIDE_1.13.0/STM32CubeIDE/plugins/com.st.stm32cube.ide.mcu.externaltools.gnu-tools-for-stm32.11.3.rel1.win32_1.1.0.202305231506/tools/bin/../lib/gcc/arm-none-eabi/11.3.1/../../../../arm-none-eabi/lib/thumb/v7-m/nofp\libc_nano.a(libc_a-errno.o)
                0x0000000008002a5c                __errno
 .text.__libc_init_array
                0x0000000008002a68       0x48 H:/cube/STM32CubeIDE_1.13.0/STM32CubeIDE/plugins/com.st.stm32cube.ide.mcu.externaltools.gnu-tools-for-stm32.11.3.rel1.win32_1.1.0.202305231506/tools/bin/../lib/gcc/arm-none-eabi/11.3.1/../../../../arm-none-eabi/lib/thumb/v7-m/nofp\libc_nano.a(libc_a-init.o)
                0x0000000008002a68                __libc_init_array
 .text.__retarget_lock_acquire_recursive
                0x0000000008002ab0        0x2 H:/cube/STM32CubeIDE_1.13.0/STM32CubeIDE/plugins/com.st.stm32cube.ide.mcu.externaltools.gnu-tools-for-stm32.11.3.rel1.win32_1.1.0.202305231506/tools/bin/../lib/gcc/arm-none-eabi/11.3.1/../../../../arm-none-eabi/lib/thumb/v7-m/nofp\libc_nano.a(libc_a-lock.o)
                0x0000000008002ab0                __retarget_lock_acquire_recursive
 .text.__retarget_lock_release_recursive
                0x0000000008002ab2        0x2 H:/cube/STM32CubeIDE_1.13.0/STM32CubeIDE/plugins/com.st.stm32cube.ide.mcu.externaltools.gnu-tools-for-stm32.11.3.rel1.win32_1.1.0.202305231506/tools/bin/../lib/gcc/arm-none-eabi/11.3.1/../../../../arm-none-eabi/lib/thumb/v7-m/nofp\libc_nano.a(libc_a-lock.o)
                0x0000000008002ab2                __retarget_lock_release_recursive
 *(.glue_7)
 .glue_7        0x0000000008002ab4        0x0 linker stubs
 *(.glue_7t)
 .glue_7t       0x0000000008002ab4        0x0 linker stubs
 *(.eh_frame)
 .eh_frame      0x0000000008002ab4        0x0 H:/cube/STM32CubeIDE_1.13.0/STM32CubeIDE/plugins/com.st.stm32cube.ide.mcu.externaltools.gnu-tools-for-stm32.11.3.rel1.win32_1.1.0.202305231506/tools/bin/../lib/gcc/arm-none-eabi/11.3.1/thumb/v7-m/nofp/crtbegin.o
 *(.init)
 .init          0x0000000008002ab4        0x4 H:/cube/STM32CubeIDE_1.13.0/STM32CubeIDE/plugins/com.st.stm32cube.ide.mcu.externaltools.gnu-tools-for-stm32.11.3.rel1.win32_1.1.0.202305231506/tools/bin/../lib/gcc/arm-none-eabi/11.3.1/thumb/v7-m/nofp/crti.o
                0x0000000008002ab4                _init
 .init          0x0000000008002ab8        0x8 H:/cube/STM32CubeIDE_1.13.0/STM32CubeIDE/plugins/com.st.stm32cube.ide.mcu.externaltools.gnu-tools-for-stm32.11.3.rel1.win32_1.1.0.202305231506/tools/bin/../lib/gcc/arm-none-eabi/11.3.1/thumb/v7-m/nofp/crtn.o
 *(.fini)
 .fini          0x0000000008002ac0        0x4 H:/cube/STM32CubeIDE_1.13.0/STM32CubeIDE/plugins/com.st.stm32cube.ide.mcu.externaltools.gnu-tools-for-stm32.11.3.rel1.win32_1.1.0.202305231506/tools/bin/../lib/gcc/arm-none-eabi/11.3.1/thumb/v7-m/nofp/crti.o
                0x0000000008002ac0                _fini
 .fini          0x0000000008002ac4        0x8 H:/cube/STM32CubeIDE_1.13.0/STM32CubeIDE/plugins/com.st.stm32cube.ide.mcu.externaltools.gnu-tools-for-stm32.11.3.rel1.win32_1.1.0.202305231506/tools/bin/../lib/gcc/arm-none-eabi/11.3.1/thumb/v7-m/nofp/crtn.o
                0x0000000008002acc                . = ALIGN (0x4)
                0x0000000008002acc                _etext = .

.vfp11_veneer   0x0000000008002acc        0x0
 .vfp11_veneer  0x0000000008002acc        0x0 linker stubs

.v4_bx          0x0000000008002acc        0x0
 .v4_bx         0x0000000008002acc        0x0 linker stubs

.iplt           0x0000000008002acc        0x0
 .iplt          0x0000000008002acc        0x0 H:/cube/STM32CubeIDE_1.13.0/STM32CubeIDE/plugins/com.st.stm32cube.ide.mcu.externaltools.gnu-tools-for-stm32.11.3.rel1.win32_1.1.0.202305231506/tools/bin/../lib/gcc/arm-none-eabi/11.3.1/thumb/v7-m/nofp/crtbegin.o

.rodata         0x0000000008002acc       0x24
                0x0000000008002acc                . = ALIGN (0x4)
 *(.rodata)
 *(.rodata*)
 .rodata.AHBPrescTable
                0x0000000008002acc       0x10 ./Core/Src/system_stm32f1xx.o
                0x0000000008002acc                AHBPrescTable
 .rodata.aPLLMULFactorTable.1
                0x0000000008002adc       0x10 ./Drivers/STM32F1xx_HAL_Driver/Src/stm32f1xx_hal_rcc.o
 .rodata.aPredivFactorTable.0
                0x0000000008002aec        0x2 ./Drivers/STM32F1xx_HAL_Driver/Src/stm32f1xx_hal_rcc.o
                0x0000000008002af0                . = ALIGN (0x4)
 *fill*         0x0000000008002aee        0x2 

.rel.dyn        0x0000000008002af0        0x0
 .rel.iplt      0x0000000008002af0        0x0 H:/cube/STM32CubeIDE_1.13.0/STM32CubeIDE/plugins/com.st.stm32cube.ide.mcu.externaltools.gnu-tools-for-stm32.11.3.rel1.win32_1.1.0.202305231506/tools/bin/../lib/gcc/arm-none-eabi/11.3.1/thumb/v7-m/nofp/crtbegin.o

.ARM.extab      0x0000000008002af0        0x0
                0x0000000008002af0                . = ALIGN (0x4)
 *(.ARM.extab* .gnu.linkonce.armextab.*)
                0x0000000008002af0                . = ALIGN (0x4)

.ARM            0x0000000008002af0        0x0
                0x0000000008002af0                . = ALIGN (0x4)
                0x0000000008002af0                __exidx_start = .
 *(.ARM.exidx*)
                0x0000000008002af0                __exidx_end = .
                0x0000000008002af0                . = ALIGN (0x4)

.preinit_array  0x0000000008002af0        0x0
                0x0000000008002af0                . = ALIGN (0x4)
                0x0000000008002af0                PROVIDE (__preinit_array_start = .)
 *(.preinit_array*)
                0x0000000008002af0                PROVIDE (__preinit_array_end = .)
                0x0000000008002af0                . = ALIGN (0x4)

.init_array     0x0000000008002af0        0x4
                0x0000000008002af0                . = ALIGN (0x4)
                0x0000000008002af0                PROVIDE (__init_array_start = .)
 *(SORT_BY_NAME(.init_array.*))
 *(.init_array*)
 .init_array    0x0000000008002af0        0x4 H:/cube/STM32CubeIDE_1.13.0/STM32CubeIDE/plugins/com.st.stm32cube.ide.mcu.externaltools.gnu-tools-for-stm32.11.3.rel1.win32_1.1.0.202305231506/tools/bin/../lib/gcc/arm-none-eabi/11.3.1/thumb/v7-m/nofp/crtbegin.o
                0x0000000008002af4                PROVIDE (__init_array_end = .)
                0x0000000008002af4                . = ALIGN (0x4)

.fini_array     0x0000000008002af4        0x4
                0x0000000008002af4                . = ALIGN (0x4)
                [!provide]                        PROVIDE (__fini_array_start = .)
 *(SORT_BY_NAME(.fini_array.*))
 *(.fini_array*)
 .fini_array    0x0000000008002af4        0x4 H:/cube/STM32CubeIDE_1.13.0/STM32CubeIDE/plugins/com.st.stm32cube.ide.mcu.externaltools.gnu-tools-for-stm32.11.3.rel1.win32_1.1.0.202305231506/tools/bin/../lib/gcc/arm-none-eabi/11.3.1/thumb/v7-m/nofp/crtbegin.o
                [!provide]                        PROVIDE (__fini_array_end = .)
                0x0000000008002af8                . = ALIGN (0x4)
                0x0000000008002af8                _sidata = LOADADDR (.data)

.data           0x0000000020000000       0x5c load address 0x0000000008002af8
                0x0000000020000000                . = ALIGN (0x4)
                0x0000000020000000                _sdata = .
 *(.data)
 *(.data*)
 .data.SystemCoreClock
                0x0000000020000000        0x4 ./Core/Src/system_stm32f1xx.o
                0x0000000020000000                SystemCoreClock
 .data.uwTickPrio
                0x0000000020000004        0x4 ./Drivers/STM32F1xx_HAL_Driver/Src/stm32f1xx_hal.o
                0x0000000020000004                uwTickPrio
 .data.uwTickFreq
                0x0000000020000008        0x1 ./Drivers/STM32F1xx_HAL_Driver/Src/stm32f1xx_hal.o
                0x0000000020000008                uwTickFreq
 *fill*         0x0000000020000009        0x3 
 .data._impure_data
                0x000000002000000c       0x4c H:/cube/STM32CubeIDE_1.13.0/STM32CubeIDE/plugins/com.st.stm32cube.ide.mcu.externaltools.gnu-tools-for-stm32.11.3.rel1.win32_1.1.0.202305231506/tools/bin/../lib/gcc/arm-none-eabi/11.3.1/../../../../arm-none-eabi/lib/thumb/v7-m/nofp\libc_nano.a(libc_a-impure.o)
                0x000000002000000c                _impure_data
 .data._impure_ptr
                0x0000000020000058        0x4 H:/cube/STM32CubeIDE_1.13.0/STM32CubeIDE/plugins/com.st.stm32cube.ide.mcu.externaltools.gnu-tools-for-stm32.11.3.rel1.win32_1.1.0.202305231506/tools/bin/../lib/gcc/arm-none-eabi/11.3.1/../../../../arm-none-eabi/lib/thumb/v7-m/nofp\libc_nano.a(libc_a-impure.o)
                0x0000000020000058                _impure_ptr
 *(.RamFunc)
 *(.RamFunc*)
                0x000000002000005c                . = ALIGN (0x4)
                0x000000002000005c                _edata = .

.igot.plt       0x000000002000005c        0x0 load address 0x0000000008002b54
 .igot.plt      0x000000002000005c        0x0 H:/cube/STM32CubeIDE_1.13.0/STM32CubeIDE/plugins/com.st.stm32cube.ide.mcu.externaltools.gnu-tools-for-stm32.11.3.rel1.win32_1.1.0.202305231506/tools/bin/../lib/gcc/arm-none-eabi/11.3.1/thumb/v7-m/nofp/crtbegin.o
                0x000000002000005c                . = ALIGN (0x4)

.bss            0x000000002000005c      0x1bc load address 0x0000000008002b54
                0x000000002000005c                _sbss = .
                0x000000002000005c                __bss_start__ = _sbss
 *(.bss)
 .bss           0x000000002000005c       0x1c H:/cube/STM32CubeIDE_1.13.0/STM32CubeIDE/plugins/com.st.stm32cube.ide.mcu.externaltools.gnu-tools-for-stm32.11.3.rel1.win32_1.1.0.202305231506/tools/bin/../lib/gcc/arm-none-eabi/11.3.1/thumb/v7-m/nofp/crtbegin.o
 *(.bss*)
 .bss.htim3     0x0000000020000078       0x48 ./Core/Src/main.o
                0x0000000020000078                htim3
 .bss.motor     0x00000000200000c0        0x4 ./Core/Src/main.o
                0x00000000200000c0                motor
 .bss.__sbrk_heap_end
                0x00000000200000c4        0x4 ./Core/Src/sysmem.o
 .bss.uwTick    0x00000000200000c8        0x4 ./Drivers/STM32F1xx_HAL_Driver/Src/stm32f1xx_hal.o
                0x00000000200000c8                uwTick
 .bss._ZN12_GLOBAL__N_113__new_handlerE
                0x00000000200000cc        0x4 H:/cube/STM32CubeIDE_1.13.0/STM32CubeIDE/plugins/com.st.stm32cube.ide.mcu.externaltools.gnu-tools-for-stm32.11.3.rel1.win32_1.1.0.202305231506/tools/bin/../lib/gcc/arm-none-eabi/11.3.1/../../../../arm-none-eabi/lib/thumb/v7-m/nofp\libstdc++_nano.a(new_handler.o)
 .bss.__malloc_free_list
                0x00000000200000d0        0x4 H:/cube/STM32CubeIDE_1.13.0/STM32CubeIDE/plugins/com.st.stm32cube.ide.mcu.externaltools.gnu-tools-for-stm32.11.3.rel1.win32_1.1.0.202305231506/tools/bin/../lib/gcc/arm-none-eabi/11.3.1/../../../../arm-none-eabi/lib/thumb/v7-m/nofp\libc_nano.a(libc_a-mallocr.o)
                0x00000000200000d0                __malloc_free_list
 .bss.__malloc_sbrk_start
                0x00000000200000d4        0x4 H:/cube/STM32CubeIDE_1.13.0/STM32CubeIDE/plugins/com.st.stm32cube.ide.mcu.externaltools.gnu-tools-for-stm32.11.3.rel1.win32_1.1.0.202305231506/tools/bin/../lib/gcc/arm-none-eabi/11.3.1/../../../../arm-none-eabi/lib/thumb/v7-m/nofp\libc_nano.a(libc_a-mallocr.o)
                0x00000000200000d4                __malloc_sbrk_start
 .bss.__sf      0x00000000200000d8      0x138 H:/cube/STM32CubeIDE_1.13.0/STM32CubeIDE/plugins/com.st.stm32cube.ide.mcu.externaltools.gnu-tools-for-stm32.11.3.rel1.win32_1.1.0.202305231506/tools/bin/../lib/gcc/arm-none-eabi/11.3.1/../../../../arm-none-eabi/lib/thumb/v7-m/nofp\libc_nano.a(libc_a-findfp.o)
                0x00000000200000d8                __sf
 .bss.errno     0x0000000020000210        0x4 H:/cube/STM32CubeIDE_1.13.0/STM32CubeIDE/plugins/com.st.stm32cube.ide.mcu.externaltools.gnu-tools-for-stm32.11.3.rel1.win32_1.1.0.202305231506/tools/bin/../lib/gcc/arm-none-eabi/11.3.1/../../../../arm-none-eabi/lib/thumb/v7-m/nofp\libc_nano.a(libc_a-reent.o)
                0x0000000020000210                errno
 .bss.__lock___malloc_recursive_mutex
                0x0000000020000214        0x1 H:/cube/STM32CubeIDE_1.13.0/STM32CubeIDE/plugins/com.st.stm32cube.ide.mcu.externaltools.gnu-tools-for-stm32.11.3.rel1.win32_1.1.0.202305231506/tools/bin/../lib/gcc/arm-none-eabi/11.3.1/../../../../arm-none-eabi/lib/thumb/v7-m/nofp\libc_nano.a(libc_a-lock.o)
                0x0000000020000214                __lock___malloc_recursive_mutex
 *(COMMON)
                0x0000000020000218                . = ALIGN (0x4)
 *fill*         0x0000000020000215        0x3 
                0x0000000020000218                _ebss = .
                0x0000000020000218                __bss_end__ = _ebss

._user_heap_stack
                0x0000000020000218      0x600 load address 0x0000000008002b54
                0x0000000020000218                . = ALIGN (0x8)
                [!provide]                        PROVIDE (end = .)
                0x0000000020000218                PROVIDE (_end = .)
                0x0000000020000418                . = (. + _Min_Heap_Size)
 *fill*         0x0000000020000218      0x200 
                0x0000000020000818                . = (. + _Min_Stack_Size)
 *fill*         0x0000000020000418      0x400 
                0x0000000020000818                . = ALIGN (0x8)

/DISCARD/
 libc.a(*)
 libm.a(*)
 libgcc.a(*)

.ARM.attributes
                0x0000000000000000       0x29
 *(.ARM.attributes)
 .ARM.attributes
                0x0000000000000000       0x1d H:/cube/STM32CubeIDE_1.13.0/STM32CubeIDE/plugins/com.st.stm32cube.ide.mcu.externaltools.gnu-tools-for-stm32.11.3.rel1.win32_1.1.0.202305231506/tools/bin/../lib/gcc/arm-none-eabi/11.3.1/thumb/v7-m/nofp/crti.o
 .ARM.attributes
                0x000000000000001d       0x2d H:/cube/STM32CubeIDE_1.13.0/STM32CubeIDE/plugins/com.st.stm32cube.ide.mcu.externaltools.gnu-tools-for-stm32.11.3.rel1.win32_1.1.0.202305231506/tools/bin/../lib/gcc/arm-none-eabi/11.3.1/thumb/v7-m/nofp/crtbegin.o
 .ARM.attributes
                0x000000000000004a       0x2d ./Core/Src/main.o
 .ARM.attributes
                0x0000000000000077       0x2d ./Core/Src/stm32f1xx_hal_msp.o
 .ARM.attributes
                0x00000000000000a4       0x2d ./Core/Src/stm32f1xx_it.o
 .ARM.attributes
                0x00000000000000d1       0x2d ./Core/Src/syscalls.o
 .ARM.attributes
                0x00000000000000fe       0x2d ./Core/Src/sysmem.o
 .ARM.attributes
                0x000000000000012b       0x2d ./Core/Src/system_stm32f1xx.o
 .ARM.attributes
                0x0000000000000158       0x21 ./Core/Startup/startup_stm32f103c8tx.o
 .ARM.attributes
                0x0000000000000179       0x2d ./Drivers/STM32F1xx_HAL_Driver/Src/stm32f1xx_hal.o
 .ARM.attributes
                0x00000000000001a6       0x2d ./Drivers/STM32F1xx_HAL_Driver/Src/stm32f1xx_hal_cortex.o
 .ARM.attributes
                0x00000000000001d3       0x2d ./Drivers/STM32F1xx_HAL_Driver/Src/stm32f1xx_hal_gpio.o
 .ARM.attributes
                0x0000000000000200       0x2d ./Drivers/STM32F1xx_HAL_Driver/Src/stm32f1xx_hal_rcc.o
 .ARM.attributes
                0x000000000000022d       0x2d ./Drivers/STM32F1xx_HAL_Driver/Src/stm32f1xx_hal_tim.o
 .ARM.attributes
                0x000000000000025a       0x2d ./Drivers/STM32F1xx_HAL_Driver/Src/stm32f1xx_hal_tim_ex.o
 .ARM.attributes
                0x0000000000000287       0x2d ./lib/Debounce.o
 .ARM.attributes
                0x00000000000002b4       0x2d ./lib/StepMotor.o
 .ARM.attributes
                0x00000000000002e1       0x2d H:/cube/STM32CubeIDE_1.13.0/STM32CubeIDE/plugins/com.st.stm32cube.ide.mcu.externaltools.gnu-tools-for-stm32.11.3.rel1.win32_1.1.0.202305231506/tools/bin/../lib/gcc/arm-none-eabi/11.3.1/../../../../arm-none-eabi/lib/thumb/v7-m/nofp\libstdc++_nano.a(new_op.o)
 .ARM.attributes
                0x000000000000030e       0x2d H:/cube/STM32CubeIDE_1.13.0/STM32CubeIDE/plugins/com.st.stm32cube.ide.mcu.externaltools.gnu-tools-for-stm32.11.3.rel1.win32_1.1.0.202305231506/tools/bin/../lib/gcc/arm-none-eabi/11.3.1/../../../../arm-none-eabi/lib/thumb/v7-m/nofp\libstdc++_nano.a(new_handler.o)
 .ARM.attributes
                0x000000000000033b       0x2d H:/cube/STM32CubeIDE_1.13.0/STM32CubeIDE/plugins/com.st.stm32cube.ide.mcu.externaltools.gnu-tools-for-stm32.11.3.rel1.win32_1.1.0.202305231506/tools/bin/../lib/gcc/arm-none-eabi/11.3.1/../../../../arm-none-eabi/lib/thumb/v7-m/nofp\libc_nano.a(libc_a-abort.o)
 .ARM.attributes
                0x0000000000000368       0x2d H:/cube/STM32CubeIDE_1.13.0/STM32CubeIDE/plugins/com.st.stm32cube.ide.mcu.externaltools.gnu-tools-for-stm32.11.3.rel1.win32_1.1.0.202305231506/tools/bin/../lib/gcc/arm-none-eabi/11.3.1/../../../../arm-none-eabi/lib/thumb/v7-m/nofp\libc_nano.a(libc_a-malloc.o)
 .ARM.attributes
                0x0000000000000395       0x2d H:/cube/STM32CubeIDE_1.13.0/STM32CubeIDE/plugins/com.st.stm32cube.ide.mcu.externaltools.gnu-tools-for-stm32.11.3.rel1.win32_1.1.0.202305231506/tools/bin/../lib/gcc/arm-none-eabi/11.3.1/../../../../arm-none-eabi/lib/thumb/v7-m/nofp\libc_nano.a(libc_a-mallocr.o)
 .ARM.attributes
                0x00000000000003c2       0x2d H:/cube/STM32CubeIDE_1.13.0/STM32CubeIDE/plugins/com.st.stm32cube.ide.mcu.externaltools.gnu-tools-for-stm32.11.3.rel1.win32_1.1.0.202305231506/tools/bin/../lib/gcc/arm-none-eabi/11.3.1/../../../../arm-none-eabi/lib/thumb/v7-m/nofp\libc_nano.a(libc_a-mlock.o)
 .ARM.attributes
                0x00000000000003ef       0x2d H:/cube/STM32CubeIDE_1.13.0/STM32CubeIDE/plugins/com.st.stm32cube.ide.mcu.externaltools.gnu-tools-for-stm32.11.3.rel1.win32_1.1.0.202305231506/tools/bin/../lib/gcc/arm-none-eabi/11.3.1/../../../../arm-none-eabi/lib/thumb/v7-m/nofp\libc_nano.a(libc_a-findfp.o)
 .ARM.attributes
                0x000000000000041c       0x2d H:/cube/STM32CubeIDE_1.13.0/STM32CubeIDE/plugins/com.st.stm32cube.ide.mcu.externaltools.gnu-tools-for-stm32.11.3.rel1.win32_1.1.0.202305231506/tools/bin/../lib/gcc/arm-none-eabi/11.3.1/../../../../arm-none-eabi/lib/thumb/v7-m/nofp\libc_nano.a(libc_a-memset.o)
 .ARM.attributes
                0x0000000000000449       0x2d H:/cube/STM32CubeIDE_1.13.0/STM32CubeIDE/plugins/com.st.stm32cube.ide.mcu.externaltools.gnu-tools-for-stm32.11.3.rel1.win32_1.1.0.202305231506/tools/bin/../lib/gcc/arm-none-eabi/11.3.1/../../../../arm-none-eabi/lib/thumb/v7-m/nofp\libc_nano.a(libc_a-signal.o)
 .ARM.attributes
                0x0000000000000476       0x2d H:/cube/STM32CubeIDE_1.13.0/STM32CubeIDE/plugins/com.st.stm32cube.ide.mcu.externaltools.gnu-tools-for-stm32.11.3.rel1.win32_1.1.0.202305231506/tools/bin/../lib/gcc/arm-none-eabi/11.3.1/../../../../arm-none-eabi/lib/thumb/v7-m/nofp\libc_nano.a(libc_a-reent.o)
 .ARM.attributes
                0x00000000000004a3       0x2d H:/cube/STM32CubeIDE_1.13.0/STM32CubeIDE/plugins/com.st.stm32cube.ide.mcu.externaltools.gnu-tools-for-stm32.11.3.rel1.win32_1.1.0.202305231506/tools/bin/../lib/gcc/arm-none-eabi/11.3.1/../../../../arm-none-eabi/lib/thumb/v7-m/nofp\libc_nano.a(libc_a-impure.o)
 .ARM.attributes
                0x00000000000004d0       0x2d H:/cube/STM32CubeIDE_1.13.0/STM32CubeIDE/plugins/com.st.stm32cube.ide.mcu.externaltools.gnu-tools-for-stm32.11.3.rel1.win32_1.1.0.202305231506/tools/bin/../lib/gcc/arm-none-eabi/11.3.1/../../../../arm-none-eabi/lib/thumb/v7-m/nofp\libc_nano.a(libc_a-signalr.o)
 .ARM.attributes
                0x00000000000004fd       0x2d H:/cube/STM32CubeIDE_1.13.0/STM32CubeIDE/plugins/com.st.stm32cube.ide.mcu.externaltools.gnu-tools-for-stm32.11.3.rel1.win32_1.1.0.202305231506/tools/bin/../lib/gcc/arm-none-eabi/11.3.1/../../../../arm-none-eabi/lib/thumb/v7-m/nofp\libc_nano.a(libc_a-sbrkr.o)
 .ARM.attributes
                0x000000000000052a       0x2d H:/cube/STM32CubeIDE_1.13.0/STM32CubeIDE/plugins/com.st.stm32cube.ide.mcu.externaltools.gnu-tools-for-stm32.11.3.rel1.win32_1.1.0.202305231506/tools/bin/../lib/gcc/arm-none-eabi/11.3.1/../../../../arm-none-eabi/lib/thumb/v7-m/nofp\libc_nano.a(libc_a-errno.o)
 .ARM.attributes
                0x0000000000000557       0x2d H:/cube/STM32CubeIDE_1.13.0/STM32CubeIDE/plugins/com.st.stm32cube.ide.mcu.externaltools.gnu-tools-for-stm32.11.3.rel1.win32_1.1.0.202305231506/tools/bin/../lib/gcc/arm-none-eabi/11.3.1/../../../../arm-none-eabi/lib/thumb/v7-m/nofp\libc_nano.a(libc_a-init.o)
 .ARM.attributes
                0x0000000000000584       0x2d H:/cube/STM32CubeIDE_1.13.0/STM32CubeIDE/plugins/com.st.stm32cube.ide.mcu.externaltools.gnu-tools-for-stm32.11.3.rel1.win32_1.1.0.202305231506/tools/bin/../lib/gcc/arm-none-eabi/11.3.1/../../../../arm-none-eabi/lib/thumb/v7-m/nofp\libc_nano.a(libc_a-lock.o)
 .ARM.attributes
                0x00000000000005b1       0x1d H:/cube/STM32CubeIDE_1.13.0/STM32CubeIDE/plugins/com.st.stm32cube.ide.mcu.externaltools.gnu-tools-for-stm32.11.3.rel1.win32_1.1.0.202305231506/tools/bin/../lib/gcc/arm-none-eabi/11.3.1/thumb/v7-m/nofp/crtn.o
OUTPUT(ABC.elf elf32-littlearm)
LOAD linker stubs
LOAD H:/cube/STM32CubeIDE_1.13.0/STM32CubeIDE/plugins/com.st.stm32cube.ide.mcu.externaltools.gnu-tools-for-stm32.11.3.rel1.win32_1.1.0.202305231506/tools/bin/../lib/gcc/arm-none-eabi/11.3.1/../../../../arm-none-eabi/lib/thumb/v7-m/nofp\libc.a
LOAD H:/cube/STM32CubeIDE_1.13.0/STM32CubeIDE/plugins/com.st.stm32cube.ide.mcu.externaltools.gnu-tools-for-stm32.11.3.rel1.win32_1.1.0.202305231506/tools/bin/../lib/gcc/arm-none-eabi/11.3.1/../../../../arm-none-eabi/lib/thumb/v7-m/nofp\libm.a
LOAD H:/cube/STM32CubeIDE_1.13.0/STM32CubeIDE/plugins/com.st.stm32cube.ide.mcu.externaltools.gnu-tools-for-stm32.11.3.rel1.win32_1.1.0.202305231506/tools/bin/../lib/gcc/arm-none-eabi/11.3.1/thumb/v7-m/nofp\libgcc.a

.comment        0x0000000000000000       0x43
 .comment       0x0000000000000000       0x43 H:/cube/STM32CubeIDE_1.13.0/STM32CubeIDE/plugins/com.st.stm32cube.ide.mcu.externaltools.gnu-tools-for-stm32.11.3.rel1.win32_1.1.0.202305231506/tools/bin/../lib/gcc/arm-none-eabi/11.3.1/thumb/v7-m/nofp/crtbegin.o
                                         0x44 (size before relaxing)
 .comment       0x0000000000000043       0x44 ./Core/Src/main.o
 .comment       0x0000000000000043       0x44 ./Core/Src/stm32f1xx_hal_msp.o
 .comment       0x0000000000000043       0x44 ./Core/Src/stm32f1xx_it.o
 .comment       0x0000000000000043       0x44 ./Core/Src/syscalls.o
 .comment       0x0000000000000043       0x44 ./Core/Src/sysmem.o
 .comment       0x0000000000000043       0x44 ./Core/Src/system_stm32f1xx.o
 .comment       0x0000000000000043       0x44 ./Drivers/STM32F1xx_HAL_Driver/Src/stm32f1xx_hal.o
 .comment       0x0000000000000043       0x44 ./Drivers/STM32F1xx_HAL_Driver/Src/stm32f1xx_hal_cortex.o
 .comment       0x0000000000000043       0x44 ./Drivers/STM32F1xx_HAL_Driver/Src/stm32f1xx_hal_gpio.o
 .comment       0x0000000000000043       0x44 ./Drivers/STM32F1xx_HAL_Driver/Src/stm32f1xx_hal_rcc.o
 .comment       0x0000000000000043       0x44 ./Drivers/STM32F1xx_HAL_Driver/Src/stm32f1xx_hal_tim.o
 .comment       0x0000000000000043       0x44 ./Drivers/STM32F1xx_HAL_Driver/Src/stm32f1xx_hal_tim_ex.o
 .comment       0x0000000000000043       0x44 ./lib/Debounce.o
 .comment       0x0000000000000043       0x44 ./lib/StepMotor.o

.debug_info     0x0000000000000000     0x9e8c
 .debug_info    0x0000000000000000     0x143c ./Core/Src/main.o
 .debug_info    0x000000000000143c      0xa72 ./Core/Src/stm32f1xx_hal_msp.o
 .debug_info    0x0000000000001eae      0x6eb ./Core/Src/stm32f1xx_it.o
 .debug_info    0x0000000000002599      0x6a3 ./Core/Src/syscalls.o
 .debug_info    0x0000000000002c3c      0x168 ./Core/Src/sysmem.o
 .debug_info    0x0000000000002da4      0x222 ./Core/Src/system_stm32f1xx.o
 .debug_info    0x0000000000002fc6       0x23 ./Core/Startup/startup_stm32f103c8tx.o
 .debug_info    0x0000000000002fe9      0x704 ./Drivers/STM32F1xx_HAL_Driver/Src/stm32f1xx_hal.o
 .debug_info    0x00000000000036ed      0xa87 ./Drivers/STM32F1xx_HAL_Driver/Src/stm32f1xx_hal_cortex.o
 .debug_info    0x0000000000004174      0x5ab ./Drivers/STM32F1xx_HAL_Driver/Src/stm32f1xx_hal_gpio.o
 .debug_info    0x000000000000471f      0x7d5 ./Drivers/STM32F1xx_HAL_Driver/Src/stm32f1xx_hal_rcc.o
 .debug_info    0x0000000000004ef4     0x293b ./Drivers/STM32F1xx_HAL_Driver/Src/stm32f1xx_hal_tim.o
 .debug_info    0x000000000000782f     0x149b ./Drivers/STM32F1xx_HAL_Driver/Src/stm32f1xx_hal_tim_ex.o
 .debug_info    0x0000000000008cca      0x3b0 ./lib/Debounce.o
 .debug_info    0x000000000000907a      0xe12 ./lib/StepMotor.o

.debug_abbrev   0x0000000000000000     0x1e7a
 .debug_abbrev  0x0000000000000000      0x3ed ./Core/Src/main.o
 .debug_abbrev  0x00000000000003ed      0x1d3 ./Core/Src/stm32f1xx_hal_msp.o
 .debug_abbrev  0x00000000000005c0      0x1a6 ./Core/Src/stm32f1xx_it.o
 .debug_abbrev  0x0000000000000766      0x1b6 ./Core/Src/syscalls.o
 .debug_abbrev  0x000000000000091c       0xbc ./Core/Src/sysmem.o
 .debug_abbrev  0x00000000000009d8      0x13f ./Core/Src/system_stm32f1xx.o
 .debug_abbrev  0x0000000000000b17       0x12 ./Core/Startup/startup_stm32f103c8tx.o
 .debug_abbrev  0x0000000000000b29      0x201 ./Drivers/STM32F1xx_HAL_Driver/Src/stm32f1xx_hal.o
 .debug_abbrev  0x0000000000000d2a      0x2f8 ./Drivers/STM32F1xx_HAL_Driver/Src/stm32f1xx_hal_cortex.o
 .debug_abbrev  0x0000000000001022      0x1ca ./Drivers/STM32F1xx_HAL_Driver/Src/stm32f1xx_hal_gpio.o
 .debug_abbrev  0x00000000000011ec      0x2b3 ./Drivers/STM32F1xx_HAL_Driver/Src/stm32f1xx_hal_rcc.o
 .debug_abbrev  0x000000000000149f      0x277 ./Drivers/STM32F1xx_HAL_Driver/Src/stm32f1xx_hal_tim.o
 .debug_abbrev  0x0000000000001716      0x282 ./Drivers/STM32F1xx_HAL_Driver/Src/stm32f1xx_hal_tim_ex.o
 .debug_abbrev  0x0000000000001998      0x221 ./lib/Debounce.o
 .debug_abbrev  0x0000000000001bb9      0x2c1 ./lib/StepMotor.o

.debug_aranges  0x0000000000000000      0xae0
 .debug_aranges
                0x0000000000000000       0x50 ./Core/Src/main.o
 .debug_aranges
                0x0000000000000050       0x38 ./Core/Src/stm32f1xx_hal_msp.o
 .debug_aranges
                0x0000000000000088       0x78 ./Core/Src/stm32f1xx_it.o
 .debug_aranges
                0x0000000000000100       0xa8 ./Core/Src/syscalls.o
 .debug_aranges
                0x00000000000001a8       0x20 ./Core/Src/sysmem.o
 .debug_aranges
                0x00000000000001c8       0x28 ./Core/Src/system_stm32f1xx.o
 .debug_aranges
                0x00000000000001f0       0x28 ./Core/Startup/startup_stm32f103c8tx.o
 .debug_aranges
                0x0000000000000218       0xe0 ./Drivers/STM32F1xx_HAL_Driver/Src/stm32f1xx_hal.o
 .debug_aranges
                0x00000000000002f8      0x100 ./Drivers/STM32F1xx_HAL_Driver/Src/stm32f1xx_hal_cortex.o
 .debug_aranges
                0x00000000000003f8       0x58 ./Drivers/STM32F1xx_HAL_Driver/Src/stm32f1xx_hal_gpio.o
 .debug_aranges
                0x0000000000000450       0x90 ./Drivers/STM32F1xx_HAL_Driver/Src/stm32f1xx_hal_rcc.o
 .debug_aranges
                0x00000000000004e0      0x3d0 ./Drivers/STM32F1xx_HAL_Driver/Src/stm32f1xx_hal_tim.o
 .debug_aranges
                0x00000000000008b0      0x168 ./Drivers/STM32F1xx_HAL_Driver/Src/stm32f1xx_hal_tim_ex.o
 .debug_aranges
                0x0000000000000a18       0x38 ./lib/Debounce.o
 .debug_aranges
                0x0000000000000a50       0x90 ./lib/StepMotor.o

.debug_rnglists
                0x0000000000000000      0x84b
 .debug_rnglists
                0x0000000000000000       0x3b ./Core/Src/main.o
 .debug_rnglists
                0x000000000000003b       0x25 ./Core/Src/stm32f1xx_hal_msp.o
 .debug_rnglists
                0x0000000000000060       0x55 ./Core/Src/stm32f1xx_it.o
 .debug_rnglists
                0x00000000000000b5       0x79 ./Core/Src/syscalls.o
 .debug_rnglists
                0x000000000000012e       0x13 ./Core/Src/sysmem.o
 .debug_rnglists
                0x0000000000000141       0x1a ./Core/Src/system_stm32f1xx.o
 .debug_rnglists
                0x000000000000015b       0x19 ./Core/Startup/startup_stm32f103c8tx.o
 .debug_rnglists
                0x0000000000000174       0xa3 ./Drivers/STM32F1xx_HAL_Driver/Src/stm32f1xx_hal.o
 .debug_rnglists
                0x0000000000000217       0xbb ./Drivers/STM32F1xx_HAL_Driver/Src/stm32f1xx_hal_cortex.o
 .debug_rnglists
                0x00000000000002d2       0x3f ./Drivers/STM32F1xx_HAL_Driver/Src/stm32f1xx_hal_gpio.o
 .debug_rnglists
                0x0000000000000311       0x6c ./Drivers/STM32F1xx_HAL_Driver/Src/stm32f1xx_hal_rcc.o
 .debug_rnglists
                0x000000000000037d      0x31a ./Drivers/STM32F1xx_HAL_Driver/Src/stm32f1xx_hal_tim.o
 .debug_rnglists
                0x0000000000000697      0x125 ./Drivers/STM32F1xx_HAL_Driver/Src/stm32f1xx_hal_tim_ex.o
 .debug_rnglists
                0x00000000000007bc       0x26 ./lib/Debounce.o
 .debug_rnglists
                0x00000000000007e2       0x69 ./lib/StepMotor.o

.debug_macro    0x0000000000000000    0x19c53
 .debug_macro   0x0000000000000000      0x1b9 ./Core/Src/main.o
 .debug_macro   0x00000000000001b9      0xb74 ./Core/Src/main.o
 .debug_macro   0x0000000000000d2d      0x215 ./Core/Src/main.o
 .debug_macro   0x0000000000000f42       0x2e ./Core/Src/main.o
 .debug_macro   0x0000000000000f70       0x22 ./Core/Src/main.o
 .debug_macro   0x0000000000000f92       0x1c ./Core/Src/main.o
 .debug_macro   0x0000000000000fae       0x22 ./Core/Src/main.o
 .debug_macro   0x0000000000000fd0       0x8e ./Core/Src/main.o
 .debug_macro   0x000000000000105e       0x51 ./Core/Src/main.o
 .debug_macro   0x00000000000010af      0x103 ./Core/Src/main.o
 .debug_macro   0x00000000000011b2       0x6a ./Core/Src/main.o
 .debug_macro   0x000000000000121c      0x1df ./Core/Src/main.o
 .debug_macro   0x00000000000013fb       0x1c ./Core/Src/main.o
 .debug_macro   0x0000000000001417       0x22 ./Core/Src/main.o
 .debug_macro   0x0000000000001439       0xbd ./Core/Src/main.o
 .debug_macro   0x00000000000014f6      0xd23 ./Core/Src/main.o
 .debug_macro   0x0000000000002219     0xe09e ./Core/Src/main.o
 .debug_macro   0x00000000000102b7       0x6d ./Core/Src/main.o
 .debug_macro   0x0000000000010324     0x348d ./Core/Src/main.o
 .debug_macro   0x00000000000137b1      0x17b ./Core/Src/main.o
 .debug_macro   0x000000000001392c       0x5c ./Core/Src/main.o
 .debug_macro   0x0000000000013988      0x5bc ./Core/Src/main.o
 .debug_macro   0x0000000000013f44      0x289 ./Core/Src/main.o
 .debug_macro   0x00000000000141cd      0x1cb ./Core/Src/main.o
 .debug_macro   0x0000000000014398      0x114 ./Core/Src/main.o
 .debug_macro   0x00000000000144ac      0x1b2 ./Core/Src/main.o
 .debug_macro   0x000000000001465e       0x27 ./Core/Src/main.o
 .debug_macro   0x0000000000014685      0x136 ./Core/Src/main.o
 .debug_macro   0x00000000000147bb      0x1bc ./Core/Src/main.o
 .debug_macro   0x0000000000014977       0x34 ./Core/Src/main.o
 .debug_macro   0x00000000000149ab       0x3c ./Core/Src/main.o
 .debug_macro   0x00000000000149e7       0x57 ./Core/Src/main.o
 .debug_macro   0x0000000000014a3e       0x87 ./Core/Src/main.o
 .debug_macro   0x0000000000014ac5      0x240 ./Core/Src/main.o
 .debug_macro   0x0000000000014d05      0x140 ./Core/Src/main.o
 .debug_macro   0x0000000000014e45      0x8ed ./Core/Src/main.o
 .debug_macro   0x0000000000015732       0x83 ./Core/Src/main.o
 .debug_macro   0x00000000000157b5       0x1c ./Core/Src/main.o
 .debug_macro   0x00000000000157d1      0x1a8 ./Core/Src/stm32f1xx_hal_msp.o
 .debug_macro   0x0000000000015979      0xa9c ./Core/Src/stm32f1xx_hal_msp.o
 .debug_macro   0x0000000000016415      0xd23 ./Core/Src/stm32f1xx_hal_msp.o
 .debug_macro   0x0000000000017138      0x174 ./Core/Src/stm32f1xx_hal_msp.o
 .debug_macro   0x00000000000172ac      0x1b2 ./Core/Src/stm32f1xx_it.o
 .debug_macro   0x000000000001745e      0x274 ./Core/Src/syscalls.o
 .debug_macro   0x00000000000176d2       0x5b ./Core/Src/syscalls.o
 .debug_macro   0x000000000001772d       0x24 ./Core/Src/syscalls.o
 .debug_macro   0x0000000000017751       0x94 ./Core/Src/syscalls.o
 .debug_macro   0x00000000000177e5       0x43 ./Core/Src/syscalls.o
 .debug_macro   0x0000000000017828       0x34 ./Core/Src/syscalls.o
 .debug_macro   0x000000000001785c       0x57 ./Core/Src/syscalls.o
 .debug_macro   0x00000000000178b3      0x369 ./Core/Src/syscalls.o
 .debug_macro   0x0000000000017c1c       0x16 ./Core/Src/syscalls.o
 .debug_macro   0x0000000000017c32       0x43 ./Core/Src/syscalls.o
 .debug_macro   0x0000000000017c75       0x34 ./Core/Src/syscalls.o
 .debug_macro   0x0000000000017ca9       0x10 ./Core/Src/syscalls.o
 .debug_macro   0x0000000000017cb9       0x58 ./Core/Src/syscalls.o
 .debug_macro   0x0000000000017d11       0x8e ./Core/Src/syscalls.o
 .debug_macro   0x0000000000017d9f       0x1c ./Core/Src/syscalls.o
 .debug_macro   0x0000000000017dbb      0x177 ./Core/Src/syscalls.o
 .debug_macro   0x0000000000017f32       0x10 ./Core/Src/syscalls.o
 .debug_macro   0x0000000000017f42       0x35 ./Core/Src/syscalls.o
 .debug_macro   0x0000000000017f77       0x10 ./Core/Src/syscalls.o
 .debug_macro   0x0000000000017f87       0x10 ./Core/Src/syscalls.o
 .debug_macro   0x0000000000017f97       0x10 ./Core/Src/syscalls.o
 .debug_macro   0x0000000000017fa7       0x1c ./Core/Src/syscalls.o
 .debug_macro   0x0000000000017fc3       0x52 ./Core/Src/syscalls.o
 .debug_macro   0x0000000000018015       0x22 ./Core/Src/syscalls.o
 .debug_macro   0x0000000000018037       0x10 ./Core/Src/syscalls.o
 .debug_macro   0x0000000000018047       0x52 ./Core/Src/syscalls.o
 .debug_macro   0x0000000000018099       0xcf ./Core/Src/syscalls.o
 .debug_macro   0x0000000000018168       0x1c ./Core/Src/syscalls.o
 .debug_macro   0x0000000000018184       0x3d ./Core/Src/syscalls.o
 .debug_macro   0x00000000000181c1       0x35 ./Core/Src/syscalls.o
 .debug_macro   0x00000000000181f6      0x12c ./Core/Src/syscalls.o
 .debug_macro   0x0000000000018322       0x16 ./Core/Src/syscalls.o
 .debug_macro   0x0000000000018338       0x16 ./Core/Src/syscalls.o
 .debug_macro   0x000000000001834e       0x29 ./Core/Src/syscalls.o
 .debug_macro   0x0000000000018377       0x10 ./Core/Src/syscalls.o
 .debug_macro   0x0000000000018387      0x242 ./Core/Src/syscalls.o
 .debug_macro   0x00000000000185c9       0x1c ./Core/Src/syscalls.o
 .debug_macro   0x00000000000185e5       0x10 ./Core/Src/syscalls.o
 .debug_macro   0x00000000000185f5       0x10 ./Core/Src/syscalls.o
 .debug_macro   0x0000000000018605       0x16 ./Core/Src/syscalls.o
 .debug_macro   0x000000000001861b      0x147 ./Core/Src/syscalls.o
 .debug_macro   0x0000000000018762      0x18a ./Core/Src/syscalls.o
 .debug_macro   0x00000000000188ec       0x16 ./Core/Src/syscalls.o
 .debug_macro   0x0000000000018902       0xce ./Core/Src/syscalls.o
 .debug_macro   0x00000000000189d0       0xff ./Core/Src/sysmem.o
 .debug_macro   0x0000000000018acf      0x23c ./Core/Src/sysmem.o
 .debug_macro   0x0000000000018d0b      0x199 ./Core/Src/system_stm32f1xx.o
 .debug_macro   0x0000000000018ea4      0x1bd ./Drivers/STM32F1xx_HAL_Driver/Src/stm32f1xx_hal.o
 .debug_macro   0x0000000000019061      0x199 ./Drivers/STM32F1xx_HAL_Driver/Src/stm32f1xx_hal_cortex.o
 .debug_macro   0x00000000000191fa      0x204 ./Drivers/STM32F1xx_HAL_Driver/Src/stm32f1xx_hal_gpio.o
 .debug_macro   0x00000000000193fe      0x1ab ./Drivers/STM32F1xx_HAL_Driver/Src/stm32f1xx_hal_rcc.o
 .debug_macro   0x00000000000195a9      0x19a ./Drivers/STM32F1xx_HAL_Driver/Src/stm32f1xx_hal_tim.o
 .debug_macro   0x0000000000019743      0x199 ./Drivers/STM32F1xx_HAL_Driver/Src/stm32f1xx_hal_tim_ex.o
 .debug_macro   0x00000000000198dc      0x1a6 ./lib/Debounce.o
 .debug_macro   0x0000000000019a82      0x1af ./lib/StepMotor.o
 .debug_macro   0x0000000000019c31       0x22 ./lib/StepMotor.o

.debug_line     0x0000000000000000     0xb9b6
 .debug_line    0x0000000000000000      0x8d7 ./Core/Src/main.o
 .debug_line    0x00000000000008d7      0x756 ./Core/Src/stm32f1xx_hal_msp.o
 .debug_line    0x000000000000102d      0x7f5 ./Core/Src/stm32f1xx_it.o
 .debug_line    0x0000000000001822      0x8b2 ./Core/Src/syscalls.o
 .debug_line    0x00000000000020d4      0x583 ./Core/Src/sysmem.o
 .debug_line    0x0000000000002657      0x76b ./Core/Src/system_stm32f1xx.o
 .debug_line    0x0000000000002dc2       0x78 ./Core/Startup/startup_stm32f103c8tx.o
 .debug_line    0x0000000000002e3a      0x998 ./Drivers/STM32F1xx_HAL_Driver/Src/stm32f1xx_hal.o
 .debug_line    0x00000000000037d2      0xb80 ./Drivers/STM32F1xx_HAL_Driver/Src/stm32f1xx_hal_cortex.o
 .debug_line    0x0000000000004352      0xa31 ./Drivers/STM32F1xx_HAL_Driver/Src/stm32f1xx_hal_gpio.o
 .debug_line    0x0000000000004d83      0xda1 ./Drivers/STM32F1xx_HAL_Driver/Src/stm32f1xx_hal_rcc.o
 .debug_line    0x0000000000005b24     0x3484 ./Drivers/STM32F1xx_HAL_Driver/Src/stm32f1xx_hal_tim.o
 .debug_line    0x0000000000008fa8     0x18f7 ./Drivers/STM32F1xx_HAL_Driver/Src/stm32f1xx_hal_tim_ex.o
 .debug_line    0x000000000000a89f      0x7ba ./lib/Debounce.o
 .debug_line    0x000000000000b059      0x95d ./lib/StepMotor.o

.debug_str      0x0000000000000000    0x8a683
 .debug_str     0x0000000000000000    0x82c18 ./Core/Src/main.o
                                      0x832ed (size before relaxing)
 .debug_str     0x0000000000082c18      0x285 ./Core/Src/stm32f1xx_hal_msp.o
                                      0x82268 (size before relaxing)
 .debug_str     0x0000000000082e9d      0x129 ./Core/Src/stm32f1xx_it.o
                                      0x81f3f (size before relaxing)
 .debug_str     0x0000000000082fc6     0x57f9 ./Core/Src/syscalls.o
                                       0x9849 (size before relaxing)
 .debug_str     0x00000000000887bf       0x6b ./Core/Src/sysmem.o
                                       0x6000 (size before relaxing)
 .debug_str     0x000000000008882a       0x7e ./Core/Src/system_stm32f1xx.o
                                      0x819bf (size before relaxing)
 .debug_str     0x00000000000888a8       0x34 ./Core/Startup/startup_stm32f103c8tx.o
                                         0x6a (size before relaxing)
 .debug_str     0x00000000000888dc      0x325 ./Drivers/STM32F1xx_HAL_Driver/Src/stm32f1xx_hal.o
                                      0x820f2 (size before relaxing)
 .debug_str     0x0000000000088c01      0x294 ./Drivers/STM32F1xx_HAL_Driver/Src/stm32f1xx_hal_cortex.o
                                      0x8203e (size before relaxing)
 .debug_str     0x0000000000088e95      0x2b7 ./Drivers/STM32F1xx_HAL_Driver/Src/stm32f1xx_hal_gpio.o
                                      0x81d45 (size before relaxing)
 .debug_str     0x000000000008914c      0x21e ./Drivers/STM32F1xx_HAL_Driver/Src/stm32f1xx_hal_rcc.o
                                      0x81dee (size before relaxing)
 .debug_str     0x000000000008936a      0xdcb ./Drivers/STM32F1xx_HAL_Driver/Src/stm32f1xx_hal_tim.o
                                      0x82de0 (size before relaxing)
 .debug_str     0x000000000008a135      0x493 ./Drivers/STM32F1xx_HAL_Driver/Src/stm32f1xx_hal_tim_ex.o
                                      0x825fc (size before relaxing)
 .debug_str     0x000000000008a5c8       0x50 ./lib/Debounce.o
                                      0x81fba (size before relaxing)
 .debug_str     0x000000000008a618       0x6b ./lib/StepMotor.o
                                      0x829a7 (size before relaxing)

.debug_frame    0x0000000000000000     0x30d8
 .debug_frame   0x0000000000000000      0x104 ./Core/Src/main.o
 .debug_frame   0x0000000000000104       0xa0 ./Core/Src/stm32f1xx_hal_msp.o
 .debug_frame   0x00000000000001a4      0x15c ./Core/Src/stm32f1xx_it.o
 .debug_frame   0x0000000000000300      0x2ac ./Core/Src/syscalls.o
 .debug_frame   0x00000000000005ac       0x34 ./Core/Src/sysmem.o
 .debug_frame   0x00000000000005e0       0x58 ./Core/Src/system_stm32f1xx.o
 .debug_frame   0x0000000000000638      0x334 ./Drivers/STM32F1xx_HAL_Driver/Src/stm32f1xx_hal.o
 .debug_frame   0x000000000000096c      0x428 ./Drivers/STM32F1xx_HAL_Driver/Src/stm32f1xx_hal_cortex.o
 .debug_frame   0x0000000000000d94      0x14c ./Drivers/STM32F1xx_HAL_Driver/Src/stm32f1xx_hal_gpio.o
 .debug_frame   0x0000000000000ee0      0x218 ./Drivers/STM32F1xx_HAL_Driver/Src/stm32f1xx_hal_rcc.o
 .debug_frame   0x00000000000010f8     0x11bc ./Drivers/STM32F1xx_HAL_Driver/Src/stm32f1xx_hal_tim.o
 .debug_frame   0x00000000000022b4      0x638 ./Drivers/STM32F1xx_HAL_Driver/Src/stm32f1xx_hal_tim_ex.o
 .debug_frame   0x00000000000028ec       0xac ./lib/Debounce.o
 .debug_frame   0x0000000000002998      0x24c ./lib/StepMotor.o
 .debug_frame   0x0000000000002be4       0x28 H:/cube/STM32CubeIDE_1.13.0/STM32CubeIDE/plugins/com.st.stm32cube.ide.mcu.externaltools.gnu-tools-for-stm32.11.3.rel1.win32_1.1.0.202305231506/tools/bin/../lib/gcc/arm-none-eabi/11.3.1/../../../../arm-none-eabi/lib/thumb/v7-m/nofp\libstdc++_nano.a(new_op.o)
 .debug_frame   0x0000000000002c0c       0x30 H:/cube/STM32CubeIDE_1.13.0/STM32CubeIDE/plugins/com.st.stm32cube.ide.mcu.externaltools.gnu-tools-for-stm32.11.3.rel1.win32_1.1.0.202305231506/tools/bin/../lib/gcc/arm-none-eabi/11.3.1/../../../../arm-none-eabi/lib/thumb/v7-m/nofp\libstdc++_nano.a(new_handler.o)
 .debug_frame   0x0000000000002c3c       0x28 H:/cube/STM32CubeIDE_1.13.0/STM32CubeIDE/plugins/com.st.stm32cube.ide.mcu.externaltools.gnu-tools-for-stm32.11.3.rel1.win32_1.1.0.202305231506/tools/bin/../lib/gcc/arm-none-eabi/11.3.1/../../../../arm-none-eabi/lib/thumb/v7-m/nofp\libc_nano.a(libc_a-abort.o)
 .debug_frame   0x0000000000002c64       0x30 H:/cube/STM32CubeIDE_1.13.0/STM32CubeIDE/plugins/com.st.stm32cube.ide.mcu.externaltools.gnu-tools-for-stm32.11.3.rel1.win32_1.1.0.202305231506/tools/bin/../lib/gcc/arm-none-eabi/11.3.1/../../../../arm-none-eabi/lib/thumb/v7-m/nofp\libc_nano.a(libc_a-malloc.o)
 .debug_frame   0x0000000000002c94       0x50 H:/cube/STM32CubeIDE_1.13.0/STM32CubeIDE/plugins/com.st.stm32cube.ide.mcu.externaltools.gnu-tools-for-stm32.11.3.rel1.win32_1.1.0.202305231506/tools/bin/../lib/gcc/arm-none-eabi/11.3.1/../../../../arm-none-eabi/lib/thumb/v7-m/nofp\libc_nano.a(libc_a-mallocr.o)
 .debug_frame   0x0000000000002ce4       0x30 H:/cube/STM32CubeIDE_1.13.0/STM32CubeIDE/plugins/com.st.stm32cube.ide.mcu.externaltools.gnu-tools-for-stm32.11.3.rel1.win32_1.1.0.202305231506/tools/bin/../lib/gcc/arm-none-eabi/11.3.1/../../../../arm-none-eabi/lib/thumb/v7-m/nofp\libc_nano.a(libc_a-mlock.o)
 .debug_frame   0x0000000000002d14      0x13c H:/cube/STM32CubeIDE_1.13.0/STM32CubeIDE/plugins/com.st.stm32cube.ide.mcu.externaltools.gnu-tools-for-stm32.11.3.rel1.win32_1.1.0.202305231506/tools/bin/../lib/gcc/arm-none-eabi/11.3.1/../../../../arm-none-eabi/lib/thumb/v7-m/nofp\libc_nano.a(libc_a-findfp.o)
 .debug_frame   0x0000000000002e50       0x20 H:/cube/STM32CubeIDE_1.13.0/STM32CubeIDE/plugins/com.st.stm32cube.ide.mcu.externaltools.gnu-tools-for-stm32.11.3.rel1.win32_1.1.0.202305231506/tools/bin/../lib/gcc/arm-none-eabi/11.3.1/../../../../arm-none-eabi/lib/thumb/v7-m/nofp\libc_nano.a(libc_a-memset.o)
 .debug_frame   0x0000000000002e70       0xcc H:/cube/STM32CubeIDE_1.13.0/STM32CubeIDE/plugins/com.st.stm32cube.ide.mcu.externaltools.gnu-tools-for-stm32.11.3.rel1.win32_1.1.0.202305231506/tools/bin/../lib/gcc/arm-none-eabi/11.3.1/../../../../arm-none-eabi/lib/thumb/v7-m/nofp\libc_nano.a(libc_a-signal.o)
 .debug_frame   0x0000000000002f3c       0x38 H:/cube/STM32CubeIDE_1.13.0/STM32CubeIDE/plugins/com.st.stm32cube.ide.mcu.externaltools.gnu-tools-for-stm32.11.3.rel1.win32_1.1.0.202305231506/tools/bin/../lib/gcc/arm-none-eabi/11.3.1/../../../../arm-none-eabi/lib/thumb/v7-m/nofp\libc_nano.a(libc_a-reent.o)
 .debug_frame   0x0000000000002f74       0x3c H:/cube/STM32CubeIDE_1.13.0/STM32CubeIDE/plugins/com.st.stm32cube.ide.mcu.externaltools.gnu-tools-for-stm32.11.3.rel1.win32_1.1.0.202305231506/tools/bin/../lib/gcc/arm-none-eabi/11.3.1/../../../../arm-none-eabi/lib/thumb/v7-m/nofp\libc_nano.a(libc_a-signalr.o)
 .debug_frame   0x0000000000002fb0       0x2c H:/cube/STM32CubeIDE_1.13.0/STM32CubeIDE/plugins/com.st.stm32cube.ide.mcu.externaltools.gnu-tools-for-stm32.11.3.rel1.win32_1.1.0.202305231506/tools/bin/../lib/gcc/arm-none-eabi/11.3.1/../../../../arm-none-eabi/lib/thumb/v7-m/nofp\libc_nano.a(libc_a-sbrkr.o)
 .debug_frame   0x0000000000002fdc       0x20 H:/cube/STM32CubeIDE_1.13.0/STM32CubeIDE/plugins/com.st.stm32cube.ide.mcu.externaltools.gnu-tools-for-stm32.11.3.rel1.win32_1.1.0.202305231506/tools/bin/../lib/gcc/arm-none-eabi/11.3.1/../../../../arm-none-eabi/lib/thumb/v7-m/nofp\libc_nano.a(libc_a-errno.o)
 .debug_frame   0x0000000000002ffc       0x2c H:/cube/STM32CubeIDE_1.13.0/STM32CubeIDE/plugins/com.st.stm32cube.ide.mcu.externaltools.gnu-tools-for-stm32.11.3.rel1.win32_1.1.0.202305231506/tools/bin/../lib/gcc/arm-none-eabi/11.3.1/../../../../arm-none-eabi/lib/thumb/v7-m/nofp\libc_nano.a(libc_a-init.o)
 .debug_frame   0x0000000000003028       0xb0 H:/cube/STM32CubeIDE_1.13.0/STM32CubeIDE/plugins/com.st.stm32cube.ide.mcu.externaltools.gnu-tools-for-stm32.11.3.rel1.win32_1.1.0.202305231506/tools/bin/../lib/gcc/arm-none-eabi/11.3.1/../../../../arm-none-eabi/lib/thumb/v7-m/nofp\libc_nano.a(libc_a-lock.o)

.debug_line_str
                0x0000000000000000       0x5e
 .debug_line_str
                0x0000000000000000       0x5e ./Core/Startup/startup_stm32f103c8tx.o
                                         0x76 (size before relaxing)
