../lib/StepMotor.cpp:4:2:StepMotor::StepMotor(GPIO_TypeDef*, uint16_t, GPIO_TypeDef*, uint16_t, TIM_HandleTypeDef*, uint32_t)	24	static
../lib/StepMotor.cpp:33:7:void StepMotor::motorService()	16	static
../lib/StepMotor.cpp:67:7:void StepMotor::checkMotorInCallback(TIM_HandleTypeDef*)	16	static
../lib/StepMotor.cpp:77:7:void StepMotor::setDirection(uint8_t)	16	static
../lib/StepMotor.cpp:87:7:void StepMotor::startMotion(uint32_t)	16	static
../lib/StepMotor.cpp:97:7:void StepMotor::stopMotion()	16	static
../lib/StepMotor.cpp:102:7:void StepMotor::setMaxSpeed(uint32_t)	16	static
../lib/StepMotor.cpp:107:11:uint32_t StepMotor::getSpeed()	16	static
../lib/StepMotor.cpp:112:11:uint32_t StepMotor::getMaxSpeed()	16	static
../lib/StepMotor.cpp:118:7:void StepMotor::setMinSpeed(uint32_t)	16	static
../lib/StepMotor.cpp:123:11:uint32_t StepMotor::getMinSpeed()	16	static
../lib/StepMotor.cpp:128:7:void StepMotor::setRetention(bool)	16	static
../lib/StepMotor.cpp:138:7:void StepMotor::setSpeed(uint32_t)	24	static
../lib/StepMotor.cpp:150:7:void StepMotor::setAccelerationStep(uint32_t, uint32_t)	24	static
../lib/StepMotor.cpp:163:7:void StepMotor::accelerationService(int)	16	static
